#
# There is insufficient memory for the Java Runtime Environment to continue.
# Native memory allocation (malloc) failed to allocate 32744 bytes. Error detail: Chunk::new
# Possible reasons:
#   The system is out of physical RAM or swap space
#   This process is running with CompressedOops enabled, and the Java Heap may be blocking the growth of the native heap
# Possible solutions:
#   Reduce memory load on the system
#   Increase physical memory or swap space
#   Check if swap backing store is full
#   Decrease Java heap size (-Xmx/-Xms)
#   Decrease number of Java threads
#   Decrease Java thread stack sizes (-Xss)
#   Set larger code cache with -XX:ReservedCodeCacheSize=
#   JVM is running with Unscaled Compressed Oops mode in which the Java heap is
#     placed in the first 4GB address space. The Java Heap base address is the
#     maximum limit for the native heap growth. Please use -XX:HeapBaseMinAddress
#     to set the Java Heap base and to place the Java Heap above 4GB virtual address.
# This output file may be truncated or incomplete.
#
#  Out of Memory Error (arena.cpp:168), pid=10452, tid=12972
#
# JRE version: OpenJDK Runtime Environment Temurin-21.0.12.1+1 (21.0.12.1+1) (build 21.0.12.1+1-LTS)
# Java VM: OpenJDK 64-Bit Server VM Temurin-21.0.12.1+1 (21.0.12.1+1-LTS, mixed mode, sharing, tiered, compressed oops, compressed class ptrs, parallel gc, windows-amd64)
# No core dump will be written. Minidumps are not enabled by default on client versions of Windows
#

---------------  S U M M A R Y ------------

Command Line: --add-modules=ALL-SYSTEM --add-opens=java.base/java.util=ALL-UNNAMED --add-opens=java.base/java.lang=ALL-UNNAMED --add-opens=java.base/sun.nio.fs=ALL-UNNAMED -Declipse.application=org.eclipse.jdt.ls.core.id1 -Dosgi.bundles.defaultStartLevel=4 -Declipse.product=org.eclipse.jdt.ls.core.product -Djava.import.generatesMetadataFilesAtProjectRoot=false -Dm2e.project.cache.size=50 -DDetectVMInstallationsJob.disabled=true -Dfile.encoding=utf8 -XX:+UseParallelGC -XX:GCTimeRatio=4 -XX:AdaptiveSizePolicyWeight=90 -Dsun.zip.disableMemoryMapping=true -Xmx2G -Xms100m -Xlog:disable -javaagent:c:\Users\andre\.antigravity-ide\extensions\redhat.java-1.56.0-win32-x64\lombok\lombok-1.18.39-4050.jar -XX:+HeapDumpOnOutOfMemoryError -XX:HeapDumpPath=c:\Users\andre\AppData\Roaming\Antigravity IDE\User\workspaceStorage\73da15329973be89537c21fbe79b6132\redhat.java -Daether.dependencyCollector.impl=bf c:\Users\andre\.antigravity-ide\extensions\redhat.java-1.56.0-win32-x64\server\plugins\org.eclipse.equinox.launcher_1.8.0.v20260804-1928.jar -configuration c:\Users\andre\AppData\Roaming\Antigravity IDE\User\globalStorage\redhat.java\1.56.0\config_win -data c:\Users\andre\AppData\Roaming\Antigravity IDE\User\workspaceStorage\73da15329973be89537c21fbe79b6132\redhat.java\jdt_ws --stdio

Host: Intel(R) Core(TM) i5-8250U CPU @ 1.60GHz, 8 cores, 3G,  Windows 10 , 64 bit Build 19041 (10.0.19041.2913)
Time: Sat Oct  3 14:59:54 2026 Hora est. Pacífico, Sudamérica elapsed time: 6.316400 seconds (0d 0h 0m 6s)

---------------  T H R E A D  ---------------

Current thread (0x0000020238beffc0):  JavaThread "C2 CompilerThread0" daemon [_thread_in_native, id=12972, stack(0x000000f8d8b00000,0x000000f8d8c00000) (1024K)]


Current CompileTask:
C2:6316 2109 %     4       org.eclipse.osgi.util.ManifestElement::readLine @ 0 (122 bytes)

Stack: [0x000000f8d8b00000,0x000000f8d8c00000]
Native frames: (J=compiled Java code, j=interpreted, Vv=VM code, C=native code)
V  [jvm.dll+0x6d83e9]
V  [jvm.dll+0x8b5736]
V  [jvm.dll+0x8b7cee]
V  [jvm.dll+0x8b83d3]
V  [jvm.dll+0x284596]
V  [jvm.dll+0xc685d]
V  [jvm.dll+0xc6da1]
V  [jvm.dll+0x703dc3]
V  [jvm.dll+0x1e421a]
V  [jvm.dll+0x24c853]
V  [jvm.dll+0x24bce0]
V  [jvm.dll+0x1cb4ae]
V  [jvm.dll+0x25baad]
V  [jvm.dll+0x25a03a]
V  [jvm.dll+0x3f8aae]
V  [jvm.dll+0x8600cd]
V  [jvm.dll+0x6d6c1d]
C  [ucrtbase.dll+0x21bb2]
C  [KERNEL32.DLL+0x17614]
C  [ntdll.dll+0x526a1]


---------------  P R O C E S S  ---------------

Threads class SMR info:
_java_thread_list=0x0000020204ab8e70, length=16, elements={
0x000002022216fa30, 0x0000020238bdb500, 0x0000020238bdcb70, 0x0000020238bde1e0,
0x0000020238be0640, 0x0000020238be1ba0, 0x0000020238be2da0, 0x0000020238beffc0,
0x0000020238bf4cf0, 0x00000202041c1d80, 0x00000202042ff3e0, 0x00000202044bc760,
0x00000202047a0e50, 0x00000202048e8510, 0x00000202048e8f50, 0x0000020204fc6430
}

Java Threads: ( => current thread )
  0x000002022216fa30 JavaThread "main"                              [_thread_blocked, id=1120, stack(0x000000f8d8100000,0x000000f8d8200000) (1024K)]
  0x0000020238bdb500 JavaThread "Reference Handler"          daemon [_thread_blocked, id=18628, stack(0x000000f8d8500000,0x000000f8d8600000) (1024K)]
  0x0000020238bdcb70 JavaThread "Finalizer"                  daemon [_thread_blocked, id=4728, stack(0x000000f8d8600000,0x000000f8d8700000) (1024K)]
  0x0000020238bde1e0 JavaThread "Signal Dispatcher"          daemon [_thread_blocked, id=11752, stack(0x000000f8d8700000,0x000000f8d8800000) (1024K)]
  0x0000020238be0640 JavaThread "Attach Listener"            daemon [_thread_blocked, id=4456, stack(0x000000f8d8800000,0x000000f8d8900000) (1024K)]
  0x0000020238be1ba0 JavaThread "Service Thread"             daemon [_thread_blocked, id=18184, stack(0x000000f8d8900000,0x000000f8d8a00000) (1024K)]
  0x0000020238be2da0 JavaThread "Monitor Deflation Thread"   daemon [_thread_blocked, id=19012, stack(0x000000f8d8a00000,0x000000f8d8b00000) (1024K)]
=>0x0000020238beffc0 JavaThread "C2 CompilerThread0"         daemon [_thread_in_native, id=12972, stack(0x000000f8d8b00000,0x000000f8d8c00000) (1024K)]
  0x0000020238bf4cf0 JavaThread "C1 CompilerThread0"         daemon [_thread_blocked, id=17248, stack(0x000000f8d8c00000,0x000000f8d8d00000) (1024K)]
  0x00000202041c1d80 JavaThread "Common-Cleaner"             daemon [_thread_blocked, id=15588, stack(0x000000f8d8d00000,0x000000f8d8e00000) (1024K)]
  0x00000202042ff3e0 JavaThread "Notification Thread"        daemon [_thread_blocked, id=15628, stack(0x000000f8d8e00000,0x000000f8d8f00000) (1024K)]
  0x00000202044bc760 JavaThread "Active Thread: Equinox Container: fbcafa46-f9ed-4aa1-a826-5a0518788fe0"        [_thread_blocked, id=5680, stack(0x000000f8d9500000,0x000000f8d9600000) (1024K)]
  0x00000202047a0e50 JavaThread "Refresh Thread: Equinox Container: fbcafa46-f9ed-4aa1-a826-5a0518788fe0" daemon [_thread_blocked, id=18524, stack(0x000000f8d9700000,0x000000f8d9800000) (1024K)]
  0x00000202048e8510 JavaThread "Framework Event Dispatcher: Equinox Container: fbcafa46-f9ed-4aa1-a826-5a0518788fe0" daemon [_thread_blocked, id=4408, stack(0x000000f8d9800000,0x000000f8d9900000) (1024K)]
  0x00000202048e8f50 JavaThread "Start Level: Equinox Container: fbcafa46-f9ed-4aa1-a826-5a0518788fe0" daemon [_thread_in_Java, id=7488, stack(0x000000f8d9900000,0x000000f8d9a00000) (1024K)]
  0x0000020204fc6430 JavaThread "Bundle File Closer"         daemon [_thread_blocked, id=19248, stack(0x000000f8d9a00000,0x000000f8d9b00000) (1024K)]
Total: 16

Other Threads:
  0x0000020238bc3720 VMThread "VM Thread"                           [id=15580, stack(0x000000f8d8400000,0x000000f8d8500000) (1024K)]
  0x0000020238ab1c40 WatcherThread "VM Periodic Task Thread"        [id=8208, stack(0x000000f8d8300000,0x000000f8d8400000) (1024K)]
  0x000002022218ca00 WorkerThread "GC Thread#0"                     [id=4620, stack(0x000000f8d8200000,0x000000f8d8300000) (1024K)]
  0x00000202045757c0 WorkerThread "GC Thread#1"                     [id=7220, stack(0x000000f8d8f00000,0x000000f8d9000000) (1024K)]
  0x0000020204575f80 WorkerThread "GC Thread#2"                     [id=7252, stack(0x000000f8d9000000,0x000000f8d9100000) (1024K)]
  0x00000202045c4580 WorkerThread "GC Thread#3"                     [id=14564, stack(0x000000f8d9100000,0x000000f8d9200000) (1024K)]
  0x00000202045c4930 WorkerThread "GC Thread#4"                     [id=2768, stack(0x000000f8d9200000,0x000000f8d9300000) (1024K)]
  0x00000202045c4ce0 WorkerThread "GC Thread#5"                     [id=800, stack(0x000000f8d9300000,0x000000f8d9400000) (1024K)]
  0x00000202046fe630 WorkerThread "GC Thread#6"                     [id=3452, stack(0x000000f8d9400000,0x000000f8d9500000) (1024K)]
  0x00000202047db4d0 WorkerThread "GC Thread#7"                     [id=8248, stack(0x000000f8d9600000,0x000000f8d9700000) (1024K)]
Total: 10

Threads with active compile tasks:
C2 CompilerThread0  6393 2109 %     4       org.eclipse.osgi.util.ManifestElement::readLine @ 0 (122 bytes)
Total: 1

VM state: not at safepoint (normal execution)

VM Mutex/Monitor currently owned by a thread: None

Heap address: 0x0000000080000000, size: 2048 MB, Compressed Oops mode: 32-bit

CDS archive(s) mapped at: [0x0000020239000000-0x0000020239ba0000-0x0000020239ba0000), size 12189696, SharedBaseAddress: 0x0000020239000000, ArchiveRelocationMode: 1.
Compressed class space mapped at: 0x000002023a000000-0x000002027a000000, reserved size: 1073741824
Narrow klass base: 0x0000020239000000, Narrow klass shift: 0, Narrow klass range: 0x100000000

GC Precious Log:
 CardTable entry size: 512
 CPUs: 8 total, 8 available
 Memory: 3971M
 Large Page Support: Disabled
 NUMA Support: Disabled
 Compressed Oops: Enabled (32-bit)
 Alignments: Space 512K, Generation 512K, Heap 2M
 Heap Min Capacity: 100M
 Heap Initial Capacity: 100M
 Heap Max Capacity: 2G
 Pre-touch: Disabled
 Parallel Workers: 8

Heap:
 PSYoungGen      total 29696K, used 9314K [0x00000000d5580000, 0x00000000d7680000, 0x0000000100000000)
  eden space 25600K, 20% used [0x00000000d5580000,0x00000000d5a9f6b0,0x00000000d6e80000)
  from space 4096K, 99% used [0x00000000d6e80000,0x00000000d72792f0,0x00000000d7280000)
  to   space 4096K, 0% used [0x00000000d7280000,0x00000000d7280000,0x00000000d7680000)
 ParOldGen       total 68608K, used 5115K [0x0000000080000000, 0x0000000084300000, 0x00000000d5580000)
  object space 68608K, 7% used [0x0000000080000000,0x00000000804fec50,0x0000000084300000)
 Metaspace       used 9528K, committed 9856K, reserved 1114112K
  class space    used 1013K, committed 1152K, reserved 1048576K

Card table byte_map: [0x0000020221b50000,0x0000020221f60000] _byte_map_base: 0x0000020221750000

Marking Bits: (ParMarkBitMap*) 0x00007ffed86044a0
 Begin Bits: [0x0000020234630000, 0x0000020236630000)
 End Bits:   [0x0000020236630000, 0x0000020238630000)

Polling page: 0x0000020221940000

Metaspace:

Usage:
  Non-class:      8.32 MB used.
      Class:   1013.32 KB used.
       Both:      9.30 MB used.

Virtual space:
  Non-class space:       64.00 MB reserved,       8.50 MB ( 13%) committed,  1 nodes.
      Class space:        1.00 GB reserved,       1.12 MB ( <1%) committed,  1 nodes.
             Both:        1.06 GB reserved,       9.62 MB ( <1%) committed. 

Chunk freelists:
   Non-Class:  6.64 MB
       Class:  14.78 MB
        Both:  21.42 MB

MaxMetaspaceSize: unlimited
CompressedClassSpaceSize: 1.00 GB
Initial GC threshold: 21.00 MB
Current GC threshold: 21.00 MB
CDS: on
 - commit_granule_bytes: 65536.
 - commit_granule_words: 8192.
 - virtual_space_node_default_size: 8388608.
 - enlarge_chunks_in_place: 1.
 - use_allocation_guard: 0.


Internal statistics:

num_allocs_failed_limit: 0.
num_arena_births: 256.
num_arena_deaths: 0.
num_vsnodes_births: 2.
num_vsnodes_deaths: 0.
num_space_committed: 154.
num_space_uncommitted: 0.
num_chunks_returned_to_freelist: 0.
num_chunks_taken_from_freelist: 510.
num_chunk_merges: 0.
num_chunk_splits: 323.
num_chunks_enlarged: 213.
num_inconsistent_stats: 0.

CodeHeap 'non-profiled nmethods': size=120000Kb used=887Kb max_used=887Kb free=119112Kb
 bounds [0x000002022ce50000, 0x000002022d0c0000, 0x0000020234380000]
CodeHeap 'profiled nmethods': size=120000Kb used=4160Kb max_used=4160Kb free=115839Kb
 bounds [0x0000020225380000, 0x00000202257a0000, 0x000002022c8b0000]
CodeHeap 'non-nmethods': size=5760Kb used=1231Kb max_used=1252Kb free=4529Kb
 bounds [0x000002022c8b0000, 0x000002022cb20000, 0x000002022ce50000]
CodeCache: size=245760Kb, used=6278Kb, max_used=6299Kb, free=239480Kb
 total_blobs=2714, nmethods=2221, adapters=399, full_count=0
Compilation: enabled, stopped_count=0, restarted_count=0

Compilation events (20 events):
Event: 6.250 Thread 0x0000020238bf4cf0 nmethod 2202 0x0000020225773a10 code [0x0000020225773c20, 0x0000020225774168]
Event: 6.251 Thread 0x0000020238bf4cf0 2203       3       java.util.ResourceBundle::getObject (82 bytes)
Event: 6.253 Thread 0x0000020238bf4cf0 nmethod 2203 0x0000020225774390 code [0x0000020225774660, 0x0000020225775178]
Event: 6.253 Thread 0x0000020238bf4cf0 2205       3       java.util.AbstractCollection::isEmpty (13 bytes)
Event: 6.253 Thread 0x0000020238bf4cf0 nmethod 2205 0x0000020225775590 code [0x0000020225775740, 0x0000020225775958]
Event: 6.253 Thread 0x0000020238bf4cf0 2204       1       aQute.bnd.stream.EntryPipeline::entries (5 bytes)
Event: 6.253 Thread 0x0000020238bf4cf0 nmethod 2204 0x000002022cf2c590 code [0x000002022cf2c720, 0x000002022cf2c7e8]
Event: 6.253 Thread 0x0000020238bf4cf0 2206       3       java.util.stream.StreamSpliterators$WrappingSpliterator$$Lambda/0x000002023a028de0::getAsBoolean (8 bytes)
Event: 6.254 Thread 0x0000020238bf4cf0 nmethod 2206 0x0000020225775a10 code [0x0000020225775bc0, 0x0000020225775e08]
Event: 6.254 Thread 0x0000020238bf4cf0 2207       3       java.util.stream.StreamSpliterators$WrappingSpliterator::lambda$initPartialTraversalState$0 (14 bytes)
Event: 6.254 Thread 0x0000020238bf4cf0 nmethod 2207 0x0000020225775f10 code [0x00000202257760c0, 0x00000202257762a0]
Event: 6.259 Thread 0x0000020238bf4cf0 2208       1       java.util.Collections$EmptyList::size (2 bytes)
Event: 6.259 Thread 0x0000020238bf4cf0 nmethod 2208 0x000002022cf2c890 code [0x000002022cf2ca20, 0x000002022cf2cae8]
Event: 6.261 Thread 0x0000020238bf4cf0 2209       3       java.nio.ByteBuffer::position (6 bytes)
Event: 6.261 Thread 0x0000020238bf4cf0 nmethod 2209 0x0000020225776390 code [0x0000020225776540, 0x0000020225776708]
Event: 6.278 Thread 0x0000020238bf4cf0 2212   !   3       org.eclipse.osgi.storage.bundlefile.CloseableBundleFile$BundleEntryInputStream::read (17 bytes)
Event: 6.279 Thread 0x0000020238bf4cf0 nmethod 2212 0x0000020225776790 code [0x0000020225776960, 0x0000020225776c08]
Event: 6.282 Thread 0x0000020238bf4cf0 2213       1       org.osgi.framework.Version::getMajor (5 bytes)
Event: 6.282 Thread 0x0000020238bf4cf0 nmethod 2213 0x000002022cf2cb90 code [0x000002022cf2cd20, 0x000002022cf2cde8]
Event: 6.284 Thread 0x0000020238bf4cf0 2214   !   3       java.lang.String::<init> (880 bytes)

GC Heap History (6 events):
Event: 2.944 GC heap before
{Heap before GC invocations=1 (full 0):
 PSYoungGen      total 29696K, used 25600K [0x00000000d5580000, 0x00000000d7680000, 0x0000000100000000)
  eden space 25600K, 100% used [0x00000000d5580000,0x00000000d6e80000,0x00000000d6e80000)
  from space 4096K, 0% used [0x00000000d7280000,0x00000000d7280000,0x00000000d7680000)
  to   space 4096K, 0% used [0x00000000d6e80000,0x00000000d6e80000,0x00000000d7280000)
 ParOldGen       total 68608K, used 0K [0x0000000080000000, 0x0000000084300000, 0x00000000d5580000)
  object space 68608K, 0% used [0x0000000080000000,0x0000000080000000,0x0000000084300000)
 Metaspace       used 4325K, committed 4544K, reserved 1114112K
  class space    used 473K, committed 576K, reserved 1048576K
}
Event: 2.961 GC heap after
{Heap after GC invocations=1 (full 0):
 PSYoungGen      total 29696K, used 3280K [0x00000000d5580000, 0x00000000d7680000, 0x0000000100000000)
  eden space 25600K, 0% used [0x00000000d5580000,0x00000000d5580000,0x00000000d6e80000)
  from space 4096K, 80% used [0x00000000d6e80000,0x00000000d71b4148,0x00000000d7280000)
  to   space 4096K, 0% used [0x00000000d7280000,0x00000000d7280000,0x00000000d7680000)
 ParOldGen       total 68608K, used 8K [0x0000000080000000, 0x0000000084300000, 0x00000000d5580000)
  object space 68608K, 0% used [0x0000000080000000,0x0000000080002000,0x0000000084300000)
 Metaspace       used 4325K, committed 4544K, reserved 1114112K
  class space    used 473K, committed 576K, reserved 1048576K
}
Event: 4.899 GC heap before
{Heap before GC invocations=2 (full 0):
 PSYoungGen      total 29696K, used 28880K [0x00000000d5580000, 0x00000000d7680000, 0x0000000100000000)
  eden space 25600K, 100% used [0x00000000d5580000,0x00000000d6e80000,0x00000000d6e80000)
  from space 4096K, 80% used [0x00000000d6e80000,0x00000000d71b4148,0x00000000d7280000)
  to   space 4096K, 0% used [0x00000000d7280000,0x00000000d7280000,0x00000000d7680000)
 ParOldGen       total 68608K, used 8K [0x0000000080000000, 0x0000000084300000, 0x00000000d5580000)
  object space 68608K, 0% used [0x0000000080000000,0x0000000080002000,0x0000000084300000)
 Metaspace       used 8029K, committed 8320K, reserved 1114112K
  class space    used 833K, committed 960K, reserved 1048576K
}
Event: 4.915 GC heap after
{Heap after GC invocations=2 (full 0):
 PSYoungGen      total 29696K, used 4064K [0x00000000d5580000, 0x00000000d7680000, 0x0000000100000000)
  eden space 25600K, 0% used [0x00000000d5580000,0x00000000d5580000,0x00000000d6e80000)
  from space 4096K, 99% used [0x00000000d7280000,0x00000000d7678158,0x00000000d7680000)
  to   space 4096K, 0% used [0x00000000d6e80000,0x00000000d6e80000,0x00000000d7280000)
 ParOldGen       total 68608K, used 1953K [0x0000000080000000, 0x0000000084300000, 0x00000000d5580000)
  object space 68608K, 2% used [0x0000000080000000,0x00000000801e84b0,0x0000000084300000)
 Metaspace       used 8029K, committed 8320K, reserved 1114112K
  class space    used 833K, committed 960K, reserved 1048576K
}
Event: 6.179 GC heap before
{Heap before GC invocations=3 (full 0):
 PSYoungGen      total 29696K, used 29664K [0x00000000d5580000, 0x00000000d7680000, 0x0000000100000000)
  eden space 25600K, 100% used [0x00000000d5580000,0x00000000d6e80000,0x00000000d6e80000)
  from space 4096K, 99% used [0x00000000d7280000,0x00000000d7678158,0x00000000d7680000)
  to   space 4096K, 0% used [0x00000000d6e80000,0x00000000d6e80000,0x00000000d7280000)
 ParOldGen       total 68608K, used 1953K [0x0000000080000000, 0x0000000084300000, 0x00000000d5580000)
  object space 68608K, 2% used [0x0000000080000000,0x00000000801e84b0,0x0000000084300000)
 Metaspace       used 9493K, committed 9792K, reserved 1114112K
  class space    used 1013K, committed 1152K, reserved 1048576K
}
Event: 6.191 GC heap after
{Heap after GC invocations=3 (full 0):
 PSYoungGen      total 29696K, used 4068K [0x00000000d5580000, 0x00000000d7680000, 0x0000000100000000)
  eden space 25600K, 0% used [0x00000000d5580000,0x00000000d5580000,0x00000000d6e80000)
  from space 4096K, 99% used [0x00000000d6e80000,0x00000000d72792f0,0x00000000d7280000)
  to   space 4096K, 0% used [0x00000000d7280000,0x00000000d7280000,0x00000000d7680000)
 ParOldGen       total 68608K, used 5115K [0x0000000080000000, 0x0000000084300000, 0x00000000d5580000)
  object space 68608K, 7% used [0x0000000080000000,0x00000000804fec50,0x0000000084300000)
 Metaspace       used 9493K, committed 9792K, reserved 1114112K
  class space    used 1013K, committed 1152K, reserved 1048576K
}

Dll operation events (18 events):
Event: 0.020 Attempting to load shared library c:\Users\andre\.antigravity-ide\extensions\redhat.java-1.56.0-win32-x64\jre\21.0.12.1-win32-x86_64\bin\java.dll
Event: 0.020 Loaded shared library c:\Users\andre\.antigravity-ide\extensions\redhat.java-1.56.0-win32-x64\jre\21.0.12.1-win32-x86_64\bin\java.dll
Event: 0.191 Attempting to load shared library c:\Users\andre\.antigravity-ide\extensions\redhat.java-1.56.0-win32-x64\jre\21.0.12.1-win32-x86_64\bin\zip.dll
Event: 0.191 Loaded shared library c:\Users\andre\.antigravity-ide\extensions\redhat.java-1.56.0-win32-x64\jre\21.0.12.1-win32-x86_64\bin\zip.dll
Event: 0.247 Attempting to load shared library C:\Users\andre\.antigravity-ide\extensions\redhat.java-1.56.0-win32-x64\jre\21.0.12.1-win32-x86_64\bin\instrument.dll
Event: 0.247 Loaded shared library C:\Users\andre\.antigravity-ide\extensions\redhat.java-1.56.0-win32-x64\jre\21.0.12.1-win32-x86_64\bin\instrument.dll
Event: 0.258 Attempting to load shared library C:\Users\andre\.antigravity-ide\extensions\redhat.java-1.56.0-win32-x64\jre\21.0.12.1-win32-x86_64\bin\net.dll
Event: 0.259 Loaded shared library C:\Users\andre\.antigravity-ide\extensions\redhat.java-1.56.0-win32-x64\jre\21.0.12.1-win32-x86_64\bin\net.dll
Event: 0.263 Attempting to load shared library C:\Users\andre\.antigravity-ide\extensions\redhat.java-1.56.0-win32-x64\jre\21.0.12.1-win32-x86_64\bin\nio.dll
Event: 0.264 Loaded shared library C:\Users\andre\.antigravity-ide\extensions\redhat.java-1.56.0-win32-x64\jre\21.0.12.1-win32-x86_64\bin\nio.dll
Event: 0.273 Attempting to load shared library C:\Users\andre\.antigravity-ide\extensions\redhat.java-1.56.0-win32-x64\jre\21.0.12.1-win32-x86_64\bin\zip.dll
Event: 0.273 Loaded shared library C:\Users\andre\.antigravity-ide\extensions\redhat.java-1.56.0-win32-x64\jre\21.0.12.1-win32-x86_64\bin\zip.dll
Event: 0.322 Attempting to load shared library C:\Users\andre\.antigravity-ide\extensions\redhat.java-1.56.0-win32-x64\jre\21.0.12.1-win32-x86_64\bin\jimage.dll
Event: 0.322 Loaded shared library C:\Users\andre\.antigravity-ide\extensions\redhat.java-1.56.0-win32-x64\jre\21.0.12.1-win32-x86_64\bin\jimage.dll
Event: 0.636 Attempting to load shared library c:\Users\andre\.antigravity-ide\extensions\redhat.java-1.56.0-win32-x64\jre\21.0.12.1-win32-x86_64\bin\verify.dll
Event: 0.637 Loaded shared library c:\Users\andre\.antigravity-ide\extensions\redhat.java-1.56.0-win32-x64\jre\21.0.12.1-win32-x86_64\bin\verify.dll
Event: 5.013 Attempting to load shared library C:\Users\andre\AppData\Roaming\Antigravity IDE\User\globalStorage\redhat.java\1.56.0\config_win\org.eclipse.equinox.launcher\org.eclipse.equinox.launcher.win32.win32.x86_64_1.3.100.v20260804-1928\eclipse_11924.dll
Event: 5.020 Loaded shared library C:\Users\andre\AppData\Roaming\Antigravity IDE\User\globalStorage\redhat.java\1.56.0\config_win\org.eclipse.equinox.launcher\org.eclipse.equinox.launcher.win32.win32.x86_64_1.3.100.v20260804-1928\eclipse_11924.dll

Deoptimization events (20 events):
Event: 6.031 Thread 0x00000202048e8f50 Uncommon trap: trap_request=0xffffffde fr.pc=0x000002022cf1a594 relative=0x0000000000000334
Event: 6.031 Thread 0x00000202048e8f50 Uncommon trap: reason=class_check action=maybe_recompile pc=0x000002022cf1a594 method=java.util.regex.Pattern$BmpCharPropertyGreedy.match(Ljava/util/regex/Matcher;ILjava/lang/CharSequence;)Z @ 26 c2
Event: 6.031 Thread 0x00000202048e8f50 DEOPT PACKING pc=0x000002022cf1a594 sp=0x000000f8d99fd6b0
Event: 6.031 Thread 0x00000202048e8f50 DEOPT UNPACKING pc=0x000002022c903aa2 sp=0x000000f8d99fd648 mode 2
Event: 6.264 Thread 0x00000202048e8f50 Uncommon trap: trap_request=0xffffff45 fr.pc=0x000002022cf29b64 relative=0x0000000000000ea4
Event: 6.264 Thread 0x00000202048e8f50 Uncommon trap: reason=unstable_if action=reinterpret pc=0x000002022cf29b64 method=java.lang.String.<init>(Ljava/nio/charset/Charset;[BII)V @ 56 c2
Event: 6.264 Thread 0x00000202048e8f50 DEOPT PACKING pc=0x000002022cf29b64 sp=0x000000f8d99fdb00
Event: 6.264 Thread 0x00000202048e8f50 DEOPT UNPACKING pc=0x000002022c903aa2 sp=0x000000f8d99fdaa0 mode 2
Event: 6.264 Thread 0x00000202048e8f50 Uncommon trap: trap_request=0xffffff45 fr.pc=0x000002022ce731ec relative=0x00000000000001cc
Event: 6.264 Thread 0x00000202048e8f50 Uncommon trap: reason=unstable_if action=reinterpret pc=0x000002022ce731ec method=java.lang.String.isLatin1()Z @ 10 c2
Event: 6.264 Thread 0x00000202048e8f50 DEOPT PACKING pc=0x000002022ce731ec sp=0x000000f8d99fdd30
Event: 6.264 Thread 0x00000202048e8f50 DEOPT UNPACKING pc=0x000002022c903aa2 sp=0x000000f8d99fdc00 mode 2
Event: 6.265 Thread 0x00000202048e8f50 Uncommon trap: trap_request=0xffffff45 fr.pc=0x000002022ceafbc4 relative=0x0000000000000564
Event: 6.265 Thread 0x00000202048e8f50 Uncommon trap: reason=unstable_if action=reinterpret pc=0x000002022ceafbc4 method=java.lang.String.substring(II)Ljava/lang/String; @ 31 c2
Event: 6.265 Thread 0x00000202048e8f50 DEOPT PACKING pc=0x000002022ceafbc4 sp=0x000000f8d99fdce0
Event: 6.266 Thread 0x00000202048e8f50 DEOPT UNPACKING pc=0x000002022c903aa2 sp=0x000000f8d99fdcb0 mode 2
Event: 6.266 Thread 0x00000202048e8f50 Uncommon trap: trap_request=0xffffff45 fr.pc=0x000002022ce7d40c relative=0x000000000000006c
Event: 6.266 Thread 0x00000202048e8f50 Uncommon trap: reason=unstable_if action=reinterpret pc=0x000002022ce7d40c method=java.lang.String.isLatin1()Z @ 10 c2
Event: 6.266 Thread 0x00000202048e8f50 DEOPT PACKING pc=0x000002022ce7d40c sp=0x000000f8d99fdc50
Event: 6.266 Thread 0x00000202048e8f50 DEOPT UNPACKING pc=0x000002022c903aa2 sp=0x000000f8d99fdbe0 mode 2

Classes loaded (20 events):
Event: 5.581 Loading class sun/util/logging/resources/logging_es_CO
Event: 5.581 Loading class sun/util/logging/resources/logging_es_CO done
Event: 5.581 Loading class sun/util/logging/resources/logging_es_CO
Event: 5.581 Loading class sun/util/logging/resources/logging_es_CO done
Event: 5.588 Loading class java/util/Formatter$DateTime
Event: 5.588 Loading class java/util/Formatter$DateTime done
Event: 5.588 Loading class java/util/Formatter$FixedString
Event: 5.588 Loading class java/util/Formatter$FixedString done
Event: 5.589 Loading class java/time/ZonedDateTime$1
Event: 5.590 Loading class java/time/ZonedDateTime$1 done
Event: 5.599 Loading class jdk/internal/module/ModulePatcher$PatchedModuleReader
Event: 5.600 Loading class jdk/internal/module/ModulePatcher$PatchedModuleReader done
Event: 5.623 Loading class sun/util/resources/LocaleData$CommonResourceBundleProvider
Event: 5.623 Loading class sun/util/resources/LocaleData$LocaleDataResourceBundleProvider
Event: 5.624 Loading class java/util/spi/ResourceBundleProvider
Event: 5.624 Loading class java/util/spi/ResourceBundleProvider done
Event: 5.624 Loading class sun/util/resources/LocaleData$LocaleDataResourceBundleProvider done
Event: 5.624 Loading class sun/util/resources/LocaleData$CommonResourceBundleProvider done
Event: 5.628 Loading class sun/util/resources/Bundles$2
Event: 5.628 Loading class sun/util/resources/Bundles$2 done

Classes unloaded (0 events):
No events

Classes redefined (0 events):
No events

Internal exceptions (20 events):
Event: 2.983 Thread 0x000002022216fa30 Exception <a 'java/lang/ClassNotFoundException'{0x00000000d55da910}: sun/net/www/protocol/c/Handler> (0x00000000d55da910) 
thrown [s\src\hotspot\share\classfile\systemDictionary.cpp, line 313]
Event: 3.010 Thread 0x000002022216fa30 Exception <a 'java/io/FileNotFoundException'{0x00000000d5606568}> (0x00000000d5606568) 
thrown [s\src\hotspot\share\prims\jni.cpp, line 520]
Event: 3.143 Thread 0x000002022216fa30 Implicit null exception at 0x000002022cebb39a to 0x000002022cebb5bc
Event: 3.144 Thread 0x000002022216fa30 Exception <a 'java/lang/NoSuchMethodError'{0x00000000d5738c48}: 'void java.lang.invoke.DirectMethodHandle$Holder.invokeStatic(java.lang.Object, java.lang.Object, java.lang.Object, java.lang.Object)'> (0x00000000d5738c48) 
thrown [s\src\hotspot\share\interpreter\linkResolver.cpp, line 773]
Event: 3.147 Thread 0x000002022216fa30 Implicit null exception at 0x000002022ceaa540 to 0x000002022ceaa5c5
Event: 3.344 Thread 0x000002022216fa30 Exception <a 'java/lang/NoSuchMethodError'{0x00000000d5a22078}: 'void java.lang.invoke.DirectMethodHandle$Holder.invokeSpecial(java.lang.Object, java.lang.Object, java.lang.Object)'> (0x00000000d5a22078) 
thrown [s\src\hotspot\share\interpreter\linkResolver.cpp, line 773]
Event: 3.949 Thread 0x000002022216fa30 Exception <a 'java/lang/NoSuchMethodError'{0x00000000d645daf0}: 'int java.lang.invoke.DirectMethodHandle$Holder.invokeVirtual(java.lang.Object, java.lang.Object)'> (0x00000000d645daf0) 
thrown [s\src\hotspot\share\interpreter\linkResolver.cpp, line 773]
Event: 4.114 Thread 0x000002022216fa30 Exception <a 'java/lang/NoSuchMethodError'{0x00000000d65d3c18}: 'int java.lang.invoke.DirectMethodHandle$Holder.invokeStaticInit(java.lang.Object, java.lang.Object, java.lang.Object, java.lang.Object)'> (0x00000000d65d3c18) 
thrown [s\src\hotspot\share\interpreter\linkResolver.cpp, line 773]
Event: 4.117 Thread 0x000002022216fa30 Exception <a 'java/lang/IncompatibleClassChangeError'{0x00000000d65dc300}: Found class java.lang.Object, but interface was expected> (0x00000000d65dc300) 
thrown [s\src\hotspot\share\interpreter\linkResolver.cpp, line 840]
Event: 4.119 Thread 0x000002022216fa30 Exception <a 'java/lang/NoSuchMethodError'{0x00000000d65e28b0}: 'void java.lang.invoke.DirectMethodHandle$Holder.invokeStaticInit(java.lang.Object, java.lang.Object)'> (0x00000000d65e28b0) 
thrown [s\src\hotspot\share\interpreter\linkResolver.cpp, line 773]
Event: 4.121 Thread 0x000002022216fa30 Exception <a 'java/lang/NoSuchMethodError'{0x00000000d65ebbc8}: 'int java.lang.invoke.DirectMethodHandle$Holder.invokeStaticInit(java.lang.Object, java.lang.Object)'> (0x00000000d65ebbc8) 
thrown [s\src\hotspot\share\interpreter\linkResolver.cpp, line 773]
Event: 4.245 Thread 0x000002022216fa30 Exception <a 'java/lang/NoSuchMethodError'{0x00000000d6838dc0}: 'java.lang.Object java.lang.invoke.DirectMethodHandle$Holder.newInvokeSpecial(java.lang.Object, int, java.lang.Object)'> (0x00000000d6838dc0) 
thrown [s\src\hotspot\share\interpreter\linkResolver.cpp, line 773]
Event: 4.401 Thread 0x000002022216fa30 Exception <a 'java/lang/ClassNotFoundException'{0x00000000d6a57c38}: sun/net/www/protocol/plurl/Handler> (0x00000000d6a57c38) 
thrown [s\src\hotspot\share\classfile\systemDictionary.cpp, line 313]
Event: 4.402 Thread 0x000002022216fa30 Exception <a 'java/lang/ClassNotFoundException'{0x00000000d6a58ab8}: sun/net/www/protocol/plurl/Handler> (0x00000000d6a58ab8) 
thrown [s\src\hotspot\share\classfile\systemDictionary.cpp, line 313]
Event: 5.010 Thread 0x000002022216fa30 Exception <a 'java/lang/UnsatisfiedLinkError'{0x00000000d55e7b58}: 'void org.eclipse.equinox.launcher.JNIBridge._update_splash()'> (0x00000000d55e7b58) 
thrown [s\src\hotspot\share\prims\nativeLookup.cpp, line 415]
Event: 5.218 Thread 0x00000202047a0e50 Exception <a 'java/lang/NoSuchMethodError'{0x00000000d58695b8}: 'void java.lang.invoke.DirectMethodHandle$Holder.invokeInterface(java.lang.Object, java.lang.Object, java.lang.Object)'> (0x00000000d58695b8) 
thrown [s\src\hotspot\share\interpreter\linkResolver.cpp, line 773]
Event: 5.460 Thread 0x00000202048e8f50 Exception <a 'java/lang/NoSuchMethodError'{0x00000000d5c2f1e8}: 'java.lang.Object java.lang.invoke.DirectMethodHandle$Holder.newInvokeSpecial(java.lang.Object, java.lang.Object, int, java.lang.Object)'> (0x00000000d5c2f1e8) 
thrown [s\src\hotspot\share\interpreter\linkResolver.cpp, line 773]
Event: 5.465 Thread 0x00000202048e8f50 Exception <a 'java/lang/NoSuchMethodError'{0x00000000d5c33018}: 'java.lang.Object java.lang.invoke.DirectMethodHandle$Holder.invokeSpecial(java.lang.Object, java.lang.Object, java.lang.Object, int, java.lang.Object)'> (0x00000000d5c33018) 
thrown [s\src\hotspot\share\interpreter\linkResolver.cpp, line 773]
Event: 5.507 Thread 0x00000202048e8f50 Exception <a 'java/lang/NoClassDefFoundError'{0x00000000d5cd90e0}: jakarta/servlet/ServletContainerInitializer> (0x00000000d5cd90e0) 
thrown [s\src\hotspot\share\classfile\systemDictionary.cpp, line 302]
Event: 5.576 Thread 0x00000202048e8f50 Exception <a 'java/lang/ClassNotFoundException'{0x00000000d5e2dc58}: sun/util/logging/resources/spi/loggingProvider> (0x00000000d5e2dc58) 
thrown [s\src\hotspot\share\classfile\systemDictionary.cpp, line 313]

ZGC Phase Switch (0 events):
No events

VM Operations (20 events):
Event: 3.965 Executing safepoint VM operation: Cleanup
Event: 3.967 Executing safepoint VM operation: Cleanup done
Event: 4.195 Executing non-safepoint VM operation: HandshakeAllThreads (Deoptimize)
Event: 4.195 Executing non-safepoint VM operation: HandshakeAllThreads (Deoptimize) done
Event: 4.219 Executing non-safepoint VM operation: HandshakeAllThreads (Deoptimize)
Event: 4.219 Executing non-safepoint VM operation: HandshakeAllThreads (Deoptimize) done
Event: 4.389 Executing non-safepoint VM operation: HandshakeAllThreads (Deoptimize)
Event: 4.389 Executing non-safepoint VM operation: HandshakeAllThreads (Deoptimize) done
Event: 4.899 Executing safepoint VM operation: ParallelGCFailedAllocation (Allocation Failure)
Event: 4.915 Executing safepoint VM operation: ParallelGCFailedAllocation (Allocation Failure) done
Event: 5.547 Executing non-safepoint VM operation: HandshakeAllThreads (Deoptimize)
Event: 5.547 Executing non-safepoint VM operation: HandshakeAllThreads (Deoptimize) done
Event: 5.601 Executing non-safepoint VM operation: HandshakeAllThreads (Deoptimize)
Event: 5.601 Executing non-safepoint VM operation: HandshakeAllThreads (Deoptimize) done
Event: 5.650 Executing non-safepoint VM operation: HandshakeAllThreads (Deoptimize)
Event: 5.650 Executing non-safepoint VM operation: HandshakeAllThreads (Deoptimize) done
Event: 5.678 Executing non-safepoint VM operation: HandshakeAllThreads (Deoptimize)
Event: 5.678 Executing non-safepoint VM operation: HandshakeAllThreads (Deoptimize) done
Event: 6.179 Executing safepoint VM operation: ParallelGCFailedAllocation (Allocation Failure)
Event: 6.191 Executing safepoint VM operation: ParallelGCFailedAllocation (Allocation Failure) done

Memory protections (0 events):
No events

Nmethod flushes (0 events):
No events

Events (16 events):
Event: 0.054 Thread 0x000002022216fa30 Thread added: 0x000002022216fa30
Event: 0.093 Thread 0x000002022216fa30 Thread added: 0x0000020238bdb500
Event: 0.093 Thread 0x000002022216fa30 Thread added: 0x0000020238bdcb70
Event: 0.094 Thread 0x000002022216fa30 Thread added: 0x0000020238bde1e0
Event: 0.094 Thread 0x000002022216fa30 Thread added: 0x0000020238be0640
Event: 0.094 Thread 0x000002022216fa30 Thread added: 0x0000020238be1ba0
Event: 0.094 Thread 0x000002022216fa30 Thread added: 0x0000020238be2da0
Event: 0.095 Thread 0x000002022216fa30 Thread added: 0x0000020238beffc0
Event: 0.095 Thread 0x000002022216fa30 Thread added: 0x0000020238bf4cf0
Event: 0.252 Thread 0x000002022216fa30 Thread added: 0x00000202041c1d80
Event: 1.017 Thread 0x000002022216fa30 Thread added: 0x00000202042ff3e0
Event: 4.171 Thread 0x000002022216fa30 Thread added: 0x00000202044bc760
Event: 5.006 Thread 0x000002022216fa30 Thread added: 0x00000202047a0e50
Event: 5.231 Thread 0x00000202047a0e50 Thread added: 0x00000202048e8510
Event: 5.240 Thread 0x000002022216fa30 Thread added: 0x00000202048e8f50
Event: 6.295 Thread 0x00000202048e8f50 Thread added: 0x0000020204fc6430


Dynamic libraries:
0x00007ff6336e0000 - 0x00007ff6336ee000 	c:\Users\andre\.antigravity-ide\extensions\redhat.java-1.56.0-win32-x64\jre\21.0.12.1-win32-x86_64\bin\java.exe
0x00007fff52510000 - 0x00007fff52708000 	C:\Windows\SYSTEM32\ntdll.dll
0x00007fff51870000 - 0x00007fff5192f000 	C:\Windows\System32\KERNEL32.DLL
0x00007fff50040000 - 0x00007fff50336000 	C:\Windows\System32\KERNELBASE.dll
0x00007fff4ff40000 - 0x00007fff50040000 	C:\Windows\System32\ucrtbase.dll
0x00007fff3f270000 - 0x00007fff3f288000 	c:\Users\andre\.antigravity-ide\extensions\redhat.java-1.56.0-win32-x64\jre\21.0.12.1-win32-x86_64\bin\jli.dll
0x00007fff458a0000 - 0x00007fff458be000 	c:\Users\andre\.antigravity-ide\extensions\redhat.java-1.56.0-win32-x64\jre\21.0.12.1-win32-x86_64\bin\VCRUNTIME140.dll
0x00007fff51b10000 - 0x00007fff51cad000 	C:\Windows\System32\USER32.dll
0x00007fff398b0000 - 0x00007fff39b4a000 	C:\Windows\WinSxS\amd64_microsoft.windows.common-controls_6595b64144ccf1df_6.0.19041.1110_none_60b5254171f9507e\COMCTL32.dll
0x00007fff504d0000 - 0x00007fff504f2000 	C:\Windows\System32\win32u.dll
0x00007fff52190000 - 0x00007fff521bc000 	C:\Windows\System32\GDI32.dll
0x00007fff509b0000 - 0x00007fff50a4e000 	C:\Windows\System32\msvcrt.dll
0x00007fff4fc90000 - 0x00007fff4fda5000 	C:\Windows\System32\gdi32full.dll
0x00007fff4fbf0000 - 0x00007fff4fc8d000 	C:\Windows\System32\msvcp_win.dll
0x00007fff51840000 - 0x00007fff51870000 	C:\Windows\System32\IMM32.DLL
0x00007fff497c0000 - 0x00007fff497cc000 	c:\Users\andre\.antigravity-ide\extensions\redhat.java-1.56.0-win32-x64\jre\21.0.12.1-win32-x86_64\bin\vcruntime140_1.dll
0x00007fff22060000 - 0x00007fff220ed000 	c:\Users\andre\.antigravity-ide\extensions\redhat.java-1.56.0-win32-x64\jre\21.0.12.1-win32-x86_64\bin\msvcp140.dll
0x00007ffed7940000 - 0x00007ffed86e2000 	c:\Users\andre\.antigravity-ide\extensions\redhat.java-1.56.0-win32-x64\jre\21.0.12.1-win32-x86_64\bin\server\jvm.dll
0x00007fff51a60000 - 0x00007fff51b0f000 	C:\Windows\System32\ADVAPI32.dll
0x00007fff50ec0000 - 0x00007fff50f5c000 	C:\Windows\System32\sechost.dll
0x00007fff523a0000 - 0x00007fff524c6000 	C:\Windows\System32\RPCRT4.dll
0x00007fff52070000 - 0x00007fff520db000 	C:\Windows\System32\WS2_32.dll
0x00007fff44b50000 - 0x00007fff44b77000 	C:\Windows\SYSTEM32\WINMM.dll
0x00007fff494f0000 - 0x00007fff494fa000 	C:\Windows\SYSTEM32\VERSION.dll
0x00007fff4f140000 - 0x00007fff4f18b000 	C:\Windows\SYSTEM32\POWRPROF.dll
0x00007fff4f000000 - 0x00007fff4f012000 	C:\Windows\SYSTEM32\UMPDC.dll
0x00007fff4d990000 - 0x00007fff4d9a2000 	C:\Windows\SYSTEM32\kernel.appcore.dll
0x00007fff45c00000 - 0x00007fff45c0a000 	c:\Users\andre\.antigravity-ide\extensions\redhat.java-1.56.0-win32-x64\jre\21.0.12.1-win32-x86_64\bin\jimage.dll
0x00007fff46680000 - 0x00007fff46864000 	C:\Windows\SYSTEM32\DBGHELP.DLL
0x00007fff46580000 - 0x00007fff465b4000 	C:\Windows\SYSTEM32\dbgcore.DLL
0x00007fff50340000 - 0x00007fff503c2000 	C:\Windows\System32\bcryptPrimitives.dll
0x00007fff45880000 - 0x00007fff4588f000 	c:\Users\andre\.antigravity-ide\extensions\redhat.java-1.56.0-win32-x64\jre\21.0.12.1-win32-x86_64\bin\instrument.dll
0x00007fff2be60000 - 0x00007fff2be80000 	c:\Users\andre\.antigravity-ide\extensions\redhat.java-1.56.0-win32-x64\jre\21.0.12.1-win32-x86_64\bin\java.dll
0x00007fff50fd0000 - 0x00007fff51714000 	C:\Windows\System32\SHELL32.dll
0x00007fff4dc70000 - 0x00007fff4e403000 	C:\Windows\SYSTEM32\windows.storage.dll
0x00007fff505f0000 - 0x00007fff50944000 	C:\Windows\System32\combase.dll
0x00007fff4f650000 - 0x00007fff4f67e000 	C:\Windows\SYSTEM32\Wldp.dll
0x00007fff51d10000 - 0x00007fff51dbd000 	C:\Windows\System32\SHCORE.dll
0x00007fff50950000 - 0x00007fff509a5000 	C:\Windows\System32\shlwapi.dll
0x00007fff4fb30000 - 0x00007fff4fb4f000 	C:\Windows\SYSTEM32\profapi.dll
0x00007fff25a30000 - 0x00007fff25a48000 	c:\Users\andre\.antigravity-ide\extensions\redhat.java-1.56.0-win32-x64\jre\21.0.12.1-win32-x86_64\bin\zip.dll
0x00007fff39fc0000 - 0x00007fff39fd0000 	C:\Users\andre\.antigravity-ide\extensions\redhat.java-1.56.0-win32-x64\jre\21.0.12.1-win32-x86_64\bin\net.dll
0x00007fff47700000 - 0x00007fff4780a000 	C:\Windows\SYSTEM32\WINHTTP.dll
0x00007fff4f390000 - 0x00007fff4f3fa000 	C:\Windows\system32\mswsock.dll
0x00007fff22040000 - 0x00007fff22056000 	C:\Users\andre\.antigravity-ide\extensions\redhat.java-1.56.0-win32-x64\jre\21.0.12.1-win32-x86_64\bin\nio.dll
0x00007fff36610000 - 0x00007fff36620000 	c:\Users\andre\.antigravity-ide\extensions\redhat.java-1.56.0-win32-x64\jre\21.0.12.1-win32-x86_64\bin\verify.dll
0x00007ffeb63d0000 - 0x00007ffeb6415000 	C:\Users\andre\AppData\Roaming\Antigravity IDE\User\globalStorage\redhat.java\1.56.0\config_win\org.eclipse.equinox.launcher\org.eclipse.equinox.launcher.win32.win32.x86_64_1.3.100.v20260804-1928\eclipse_11924.dll
0x00007fff51930000 - 0x00007fff51a5a000 	C:\Windows\System32\ole32.dll

JVMTI agents:
c:\Users\andre\.antigravity-ide\extensions\redhat.java-1.56.0-win32-x64\lombok\lombok-1.18.39-4050.jar path:c:\Users\andre\.antigravity-ide\extensions\redhat.java-1.56.0-win32-x64\jre\21.0.12.1-win32-x86_64\bin\instrument.dll, loaded, initialized, instrumentlib options:none

dbghelp: loaded successfully - version: 4.0.5 - missing functions: none
symbol engine: initialized successfully - sym options: 0x614 - pdb path: .;c:\Users\andre\.antigravity-ide\extensions\redhat.java-1.56.0-win32-x64\jre\21.0.12.1-win32-x86_64\bin;C:\Windows\SYSTEM32;C:\Windows\WinSxS\amd64_microsoft.windows.common-controls_6595b64144ccf1df_6.0.19041.1110_none_60b5254171f9507e;c:\Users\andre\.antigravity-ide\extensions\redhat.java-1.56.0-win32-x64\jre\21.0.12.1-win32-x86_64\bin\server;C:\Users\andre\AppData\Roaming\Antigravity IDE\User\globalStorage\redhat.java\1.56.0\config_win\org.eclipse.equinox.launcher\org.eclipse.equinox.launcher.win32.win32.x86_64_1.3.100.v20260804-1928

VM Arguments:
jvm_args: --add-modules=ALL-SYSTEM --add-opens=java.base/java.util=ALL-UNNAMED --add-opens=java.base/java.lang=ALL-UNNAMED --add-opens=java.base/sun.nio.fs=ALL-UNNAMED -Declipse.application=org.eclipse.jdt.ls.core.id1 -Dosgi.bundles.defaultStartLevel=4 -Declipse.product=org.eclipse.jdt.ls.core.product -Djava.import.generatesMetadataFilesAtProjectRoot=false -Dm2e.project.cache.size=50 -DDetectVMInstallationsJob.disabled=true -Dfile.encoding=utf8 -XX:+UseParallelGC -XX:GCTimeRatio=4 -XX:AdaptiveSizePolicyWeight=90 -Dsun.zip.disableMemoryMapping=true -Xmx2G -Xms100m -Xlog:disable -javaagent:c:\Users\andre\.antigravity-ide\extensions\redhat.java-1.56.0-win32-x64\lombok\lombok-1.18.39-4050.jar -XX:+HeapDumpOnOutOfMemoryError -XX:HeapDumpPath=c:\Users\andre\AppData\Roaming\Antigravity IDE\User\workspaceStorage\73da15329973be89537c21fbe79b6132\redhat.java -Daether.dependencyCollector.impl=bf 
java_command: c:\Users\andre\.antigravity-ide\extensions\redhat.java-1.56.0-win32-x64\server\plugins\org.eclipse.equinox.launcher_1.8.0.v20260804-1928.jar -configuration c:\Users\andre\AppData\Roaming\Antigravity IDE\User\globalStorage\redhat.java\1.56.0\config_win -data c:\Users\andre\AppData\Roaming\Antigravity IDE\User\workspaceStorage\73da15329973be89537c21fbe79b6132\redhat.java\jdt_ws --stdio
java_class_path (initial): c:\Users\andre\.antigravity-ide\extensions\redhat.java-1.56.0-win32-x64\server\plugins\org.eclipse.equinox.launcher_1.8.0.v20260804-1928.jar
Launcher Type: SUN_STANDARD

[Global flags]
    uintx AdaptiveSizePolicyWeight                 = 90                                        {product} {command line}
     intx CICompilerCount                          = 4                                         {product} {ergonomic}
    uintx GCTimeRatio                              = 4                                         {product} {command line}
     bool HeapDumpOnOutOfMemoryError               = true                                   {manageable} {command line}
    ccstr HeapDumpPath                             = c:\Users\andre\AppData\Roaming\Antigravity IDE\User\workspaceStorage\73da15329973be89537c21fbe79b6132\redhat.java         {manageable} {command line}
   size_t InitialHeapSize                          = 104857600                                 {product} {command line}
   size_t MaxHeapSize                              = 2147483648                                {product} {command line}
   size_t MaxNewSize                               = 715653120                                 {product} {ergonomic}
   size_t MinHeapDeltaBytes                        = 524288                                    {product} {ergonomic}
   size_t MinHeapSize                              = 104857600                                 {product} {command line}
   size_t NewSize                                  = 34603008                                  {product} {ergonomic}
    uintx NonNMethodCodeHeapSize                   = 5839372                                {pd product} {ergonomic}
    uintx NonProfiledCodeHeapSize                  = 122909434                              {pd product} {ergonomic}
   size_t OldSize                                  = 70254592                                  {product} {ergonomic}
    uintx ProfiledCodeHeapSize                     = 122909434                              {pd product} {ergonomic}
    uintx ReservedCodeCacheSize                    = 251658240                              {pd product} {ergonomic}
     bool SegmentedCodeCache                       = true                                      {product} {ergonomic}
   size_t SoftMaxHeapSize                          = 2147483648                             {manageable} {ergonomic}
     bool UseCompressedOops                        = true                           {product lp64_product} {ergonomic}
     bool UseLargePagesIndividualAllocation        = false                                  {pd product} {ergonomic}
     bool UseParallelGC                            = true                                      {product} {command line}

Logging:
Log output configuration:
 #0: stdout all=off uptime,level,tags foldmultilines=false
 #1: stderr all=off uptime,level,tags foldmultilines=false

Release file:
JAVA_VERSION="21.0.12.1" 
MODULES="java.base java.compiler java.datatransfer java.xml java.prefs java.desktop java.instrument java.logging java.management java.security.sasl java.naming java.rmi java.management.rmi java.net.http java.scripting java.security.jgss java.transaction.xa java.sql java.sql.rowset java.xml.crypto java.se java.smartcardio jdk.accessibility jdk.internal.jvmstat jdk.attach jdk.charsets jdk.internal.opt jdk.zipfs jdk.compiler jdk.crypto.ec jdk.crypto.cryptoki jdk.crypto.mscapi jdk.dynalink jdk.internal.ed jdk.editpad jdk.hotspot.agent jdk.httpserver jdk.internal.le jdk.internal.vm.ci jdk.internal.vm.compiler jdk.internal.vm.compiler.management jdk.jartool jdk.javadoc jdk.jcmd jdk.management jdk.management.agent jdk.jconsole jdk.jdeps jdk.jdwp.agent jdk.jdi jdk.jfr jdk.jshell jdk.jsobject jdk.jstatd jdk.localedata jdk.management.jfr jdk.naming.dns jdk.naming.rmi jdk.net jdk.nio.mapmode jdk.random jdk.sctp jdk.security.auth jdk.security.jgss jdk.unsupported jdk.unsupported.desktop jdk.xml.dom" 

Environment Variables:
PATH=C:\Program Files\Eclipse Adoptium\jdk-21.0.12.101-hotspot\bin;C:\Program Files (x86)\Common Files\Oracle\Java\java8path;C:\Program Files (x86)\Common Files\Oracle\Java\javapath;C:\Windows\system32;C:\Windows;C:\Windows\System32\Wbem;C:\Windows\System32\WindowsPowerShell\v1.0\;C:\Windows\System32\OpenSSH\;C:\Program Files\Git\cmd;C:\Program Files\nodejs\;C:\Program Files\WSL\;C:\Users\andre\AppData\Local\Microsoft\WindowsApps;C:\Users\andre\AppData\Local\Programs\Microsoft VS Code\bin;C:\Users\andre\AppData\Local\GitHubDesktop\bin;C:\Users\andre\AppData\Local\Programs\Antigravity IDE\bin;C:\Users\andre\AppData\Roaming\npm;C:\Users\andre\AppData\Local\Microsoft\WinGet\Packages\PHP.PHP.8.3_Microsoft.Winget.Source_8wekyb3d8bbwe;C:\Users\andre\AppData\Local\Programs\DockerDesktop\resources\bin;C:\Users\andre\AppData\Local\Unity\bin
USERNAME=andre
OS=Windows_NT
PROCESSOR_IDENTIFIER=Intel64 Family 6 Model 142 Stepping 10, GenuineIntel
TMP=C:\Users\andre\AppData\Local\Temp
TEMP=C:\Users\andre\AppData\Local\Temp




Periodic native trim disabled

---------------  S Y S T E M  ---------------

OS:
 Windows 10 , 64 bit Build 19041 (10.0.19041.2913)
OS uptime: 0 days 3:54 hours
Hyper-V role detected

CPU: total 8 (initial active 8) (4 cores per cpu, 2 threads per core) family 6 model 142 stepping 10 microcode 0xb4, cx8, cmov, fxsr, ht, mmx, 3dnowpref, sse, sse2, sse3, ssse3, sse4.1, sse4.2, popcnt, lzcnt, tsc, tscinvbit, avx, avx2, aes, erms, clmul, bmi1, bmi2, adx, fma, vzeroupper, clflush, clflushopt, hv, rdtscp, f16c
Processor Information for the first 8 processors :
  Max Mhz: 1800, Current Mhz: 1600, Mhz Limit: 1584

Memory: 4k page, system-wide physical 3971M (237M free)
TotalPageFile size 16259M (AvailPageFile size 86M)
current process WorkingSet (physical memory assigned to process): 106M, peak: 106M
current process commit charge ("private bytes"): 250M, peak: 250M

vm_info: OpenJDK 64-Bit Server VM (21.0.12.1+1-LTS) for windows-amd64 JRE (21.0.12.1+1-LTS), built on 2026-08-18T00:00:00Z by "admin" with MS VC++ 17.12 (VS2022)

END.
