#
# There is insufficient memory for the Java Runtime Environment to continue.
# Native memory allocation (malloc) failed to allocate 990720 bytes. Error detail: Chunk::new
# Possible reasons:
#   The system is out of physical RAM or swap space
#   This process is running with CompressedOops enabled, and the Java Heap may be blocking the growth of the native heap
# Possible solutions:
#   Reduce memory load on the system
#   Increase physical memory or swap space
#   Check if swap backing store is full
#   Decrease Java heap size (-Xmx/-Xms)
#   Decrease number of Java threads
#   Decrease Java thread stack sizes (-Xss)
#   Set larger code cache with -XX:ReservedCodeCacheSize=
#   JVM is running with Unscaled Compressed Oops mode in which the Java heap is
#     placed in the first 4GB address space. The Java Heap base address is the
#     maximum limit for the native heap growth. Please use -XX:HeapBaseMinAddress
#     to set the Java Heap base and to place the Java Heap above 4GB virtual address.
# This output file may be truncated or incomplete.
#
#  Out of Memory Error (arena.cpp:168), pid=6828, tid=18760
#
# JRE version: OpenJDK Runtime Environment Temurin-21.0.12.1+1 (21.0.12.1+1) (build 21.0.12.1+1-LTS)
# Java VM: OpenJDK 64-Bit Server VM Temurin-21.0.12.1+1 (21.0.12.1+1-LTS, mixed mode, sharing, tiered, compressed oops, compressed class ptrs, parallel gc, windows-amd64)
# No core dump will be written. Minidumps are not enabled by default on client versions of Windows
#

---------------  S U M M A R Y ------------

Command Line: --add-modules=ALL-SYSTEM --add-opens=java.base/java.util=ALL-UNNAMED --add-opens=java.base/java.lang=ALL-UNNAMED --add-opens=java.base/sun.nio.fs=ALL-UNNAMED -Declipse.application=org.eclipse.jdt.ls.core.id1 -Dosgi.bundles.defaultStartLevel=4 -Declipse.product=org.eclipse.jdt.ls.core.product -Djava.import.generatesMetadataFilesAtProjectRoot=false -Dm2e.project.cache.size=50 -DDetectVMInstallationsJob.disabled=true -Dfile.encoding=utf8 -XX:+UseParallelGC -XX:GCTimeRatio=4 -XX:AdaptiveSizePolicyWeight=90 -Dsun.zip.disableMemoryMapping=true -Xmx2G -Xms100m -Xlog:disable -javaagent:c:\Users\andre\.antigravity-ide\extensions\redhat.java-1.56.0-win32-x64\lombok\lombok-1.18.39-4050.jar -XX:+HeapDumpOnOutOfMemoryError -XX:HeapDumpPath=c:\Users\andre\AppData\Roaming\Antigravity IDE\User\workspaceStorage\73da15329973be89537c21fbe79b6132\redhat.java -Daether.dependencyCollector.impl=bf c:\Users\andre\.antigravity-ide\extensions\redhat.java-1.56.0-win32-x64\server\plugins\org.eclipse.equinox.launcher_1.8.0.v20260804-1928.jar -configuration c:\Users\andre\AppData\Roaming\Antigravity IDE\User\globalStorage\redhat.java\1.56.0\config_win -data c:\Users\andre\AppData\Roaming\Antigravity IDE\User\workspaceStorage\73da15329973be89537c21fbe79b6132\redhat.java\jdt_ws --pipe=\\.\pipe\lsp-09eec8abce68739f4077cfae97b35afd-sock

Host: Intel(R) Core(TM) i5-8250U CPU @ 1.60GHz, 8 cores, 3G,  Windows 10 , 64 bit Build 19041 (10.0.19041.2913)
Time: Sat Oct  3 14:59:27 2026 Hora est. Pacífico, Sudamérica elapsed time: 76.529501 seconds (0d 0h 1m 16s)

---------------  T H R E A D  ---------------

Current thread (0x00000252f41ac5b0):  JavaThread "C2 CompilerThread0" daemon [_thread_in_native, id=18760, stack(0x000000775c400000,0x000000775c500000) (1024K)]


Current CompileTask:
C2:76529 10360   !   4       org.eclipse.osgi.internal.loader.classpath.ClasspathManager::defineClass (636 bytes)

Stack: [0x000000775c400000,0x000000775c500000]
Native frames: (J=compiled Java code, j=interpreted, Vv=VM code, C=native code)
V  [jvm.dll+0x6d83e9]
V  [jvm.dll+0x8b5736]
V  [jvm.dll+0x8b7cee]
V  [jvm.dll+0x8b83d3]
V  [jvm.dll+0x284596]
V  [jvm.dll+0xc685d]
V  [jvm.dll+0xc6da1]
V  [jvm.dll+0x3bf18b]
V  [jvm.dll+0x38b6d2]
V  [jvm.dll+0x38ab1a]
V  [jvm.dll+0x24c700]
V  [jvm.dll+0x24bce0]
V  [jvm.dll+0x1cb4ae]
V  [jvm.dll+0x25baad]
V  [jvm.dll+0x25a03a]
V  [jvm.dll+0x3f8aae]
V  [jvm.dll+0x8600cd]
V  [jvm.dll+0x6d6c1d]
C  [ucrtbase.dll+0x21bb2]
C  [KERNEL32.DLL+0x17614]
C  [ntdll.dll+0x526a1]


---------------  P R O C E S S  ---------------

Threads class SMR info:
_java_thread_list=0x00000252fb0c2b80, length=44, elements={
0x000002529c5d6c30, 0x00000252f41a30d0, 0x00000252f41a4940, 0x00000252f41a8420,
0x00000252f41a9140, 0x00000252f41aad10, 0x00000252f41ab770, 0x00000252f41ac5b0,
0x00000252f59a7df0, 0x00000252f5b4bea0, 0x00000252f5c5f890, 0x00000252f5d39fe0,
0x00000252fa08ba00, 0x00000252fa2cda50, 0x00000252fa2d2cb0, 0x00000252f5b45450,
0x00000252fad658c0, 0x00000252fab5ddb0, 0x00000252fa5626f0, 0x00000252fa5654e0,
0x00000252fa5647c0, 0x00000252fa562d80, 0x00000252fa563410, 0x00000252fa564130,
0x00000252fa562060, 0x00000252fa564e50, 0x00000252fa563aa0, 0x00000252fb307e60,
0x00000252fb3084f0, 0x00000252fb308b80, 0x00000252fb304350, 0x00000252fb305d90,
0x00000252fb307140, 0x00000252fb305700, 0x00000252fb309210, 0x00000252fb302280,
0x00000252fb306ab0, 0x00000252fb306420, 0x00000252fb303630, 0x00000252fb302910,
0x00000252fb302fa0, 0x00000252fb3049e0, 0x00000252fb3077d0, 0x00000252fb303cc0
}

Java Threads: ( => current thread )
  0x000002529c5d6c30 JavaThread "main"                              [_thread_blocked, id=14924, stack(0x000000775ba00000,0x000000775bb00000) (1024K)]
  0x00000252f41a30d0 JavaThread "Reference Handler"          daemon [_thread_blocked, id=15756, stack(0x000000775be00000,0x000000775bf00000) (1024K)]
  0x00000252f41a4940 JavaThread "Finalizer"                  daemon [_thread_blocked, id=15748, stack(0x000000775bf00000,0x000000775c000000) (1024K)]
  0x00000252f41a8420 JavaThread "Signal Dispatcher"          daemon [_thread_blocked, id=8096, stack(0x000000775c000000,0x000000775c100000) (1024K)]
  0x00000252f41a9140 JavaThread "Attach Listener"            daemon [_thread_blocked, id=6600, stack(0x000000775c100000,0x000000775c200000) (1024K)]
  0x00000252f41aad10 JavaThread "Service Thread"             daemon [_thread_blocked, id=8020, stack(0x000000775c200000,0x000000775c300000) (1024K)]
  0x00000252f41ab770 JavaThread "Monitor Deflation Thread"   daemon [_thread_blocked, id=7252, stack(0x000000775c300000,0x000000775c400000) (1024K)]
=>0x00000252f41ac5b0 JavaThread "C2 CompilerThread0"         daemon [_thread_in_native, id=18760, stack(0x000000775c400000,0x000000775c500000) (1024K)]
  0x00000252f59a7df0 JavaThread "C1 CompilerThread0"         daemon [_thread_blocked, id=18688, stack(0x000000775c500000,0x000000775c600000) (1024K)]
  0x00000252f5b4bea0 JavaThread "Common-Cleaner"             daemon [_thread_blocked, id=6340, stack(0x000000775c600000,0x000000775c700000) (1024K)]
  0x00000252f5c5f890 JavaThread "Notification Thread"        daemon [_thread_blocked, id=17960, stack(0x000000775c700000,0x000000775c800000) (1024K)]
  0x00000252f5d39fe0 JavaThread "Active Thread: Equinox Container: a61b1257-0a4b-4dd0-9d6c-e03cd725da39"        [_thread_blocked, id=1192, stack(0x000000775ce00000,0x000000775cf00000) (1024K)]
  0x00000252fa08ba00 JavaThread "Refresh Thread: Equinox Container: a61b1257-0a4b-4dd0-9d6c-e03cd725da39" daemon [_thread_blocked, id=9040, stack(0x000000775d000000,0x000000775d100000) (1024K)]
  0x00000252fa2cda50 JavaThread "Framework Event Dispatcher: Equinox Container: a61b1257-0a4b-4dd0-9d6c-e03cd725da39" daemon [_thread_blocked, id=6908, stack(0x000000775d100000,0x000000775d200000) (1024K)]
  0x00000252fa2d2cb0 JavaThread "Start Level: Equinox Container: a61b1257-0a4b-4dd0-9d6c-e03cd725da39" daemon [_thread_blocked, id=7956, stack(0x000000775d200000,0x000000775d300000) (1024K)]
  0x00000252f5b45450 JavaThread "Bundle File Closer"         daemon [_thread_blocked, id=15440, stack(0x000000775d300000,0x000000775d400000) (1024K)]
  0x00000252fad658c0 JavaThread "SCR Component Actor"        daemon [_thread_blocked, id=7120, stack(0x000000775d400000,0x000000775d500000) (1024K)]
  0x00000252fab5ddb0 JavaThread "Worker-JM"                         [_thread_blocked, id=13740, stack(0x000000775d500000,0x000000775d600000) (1024K)]
  0x00000252fa5626f0 JavaThread "JNA Cleaner"                daemon [_thread_blocked, id=6416, stack(0x000000775d600000,0x000000775d700000) (1024K)]
  0x00000252fa5654e0 JavaThread "Worker-0"                          [_thread_blocked, id=15812, stack(0x000000775d700000,0x000000775d800000) (1024K)]
  0x00000252fa5647c0 JavaThread "Worker-1"                          [_thread_blocked, id=17436, stack(0x000000775d800000,0x000000775d900000) (1024K)]
  0x00000252fa562d80 JavaThread "Worker-2"                          [_thread_blocked, id=18856, stack(0x000000775d900000,0x000000775da00000) (1024K)]
  0x00000252fa563410 JavaThread "Java indexing"              daemon [_thread_blocked, id=2124, stack(0x000000775da00000,0x000000775db00000) (1024K)]
  0x00000252fa564130 JavaThread "Worker-3"                          [_thread_blocked, id=4500, stack(0x000000775db00000,0x000000775dc00000) (1024K)]
  0x00000252fa562060 JavaThread "Worker-4"                          [_thread_blocked, id=4092, stack(0x000000775dc00000,0x000000775dd00000) (1024K)]
  0x00000252fa564e50 JavaThread "Thread-1"                   daemon [_thread_in_native, id=9944, stack(0x000000775dd00000,0x000000775de00000) (1024K)]
  0x00000252fa563aa0 JavaThread "Thread-2"                   daemon [_thread_in_native, id=16896, stack(0x000000775de00000,0x000000775df00000) (1024K)]
  0x00000252fb307e60 JavaThread "Thread-3"                   daemon [_thread_in_native, id=16224, stack(0x000000775df00000,0x000000775e000000) (1024K)]
  0x00000252fb3084f0 JavaThread "Thread-4"                   daemon [_thread_in_native, id=14424, stack(0x000000775e000000,0x000000775e100000) (1024K)]
  0x00000252fb308b80 JavaThread "Thread-5"                   daemon [_thread_in_native, id=17328, stack(0x000000775e100000,0x000000775e200000) (1024K)]
  0x00000252fb304350 JavaThread "Thread-6"                   daemon [_thread_in_native, id=19420, stack(0x000000775e200000,0x000000775e300000) (1024K)]
  0x00000252fb305d90 JavaThread "Thread-7"                   daemon [_thread_in_native, id=14984, stack(0x000000775e300000,0x000000775e400000) (1024K)]
  0x00000252fb307140 JavaThread "Thread-8"                   daemon [_thread_in_native, id=15208, stack(0x000000775e400000,0x000000775e500000) (1024K)]
  0x00000252fb305700 JavaThread "Thread-9"                   daemon [_thread_in_native, id=4220, stack(0x000000775e500000,0x000000775e600000) (1024K)]
  0x00000252fb309210 JavaThread "pool-2-thread-1"                   [_thread_blocked, id=10628, stack(0x000000775e600000,0x000000775e700000) (1024K)]
  0x00000252fb302280 JavaThread "WorkspaceEventsHandler"            [_thread_blocked, id=1044, stack(0x000000775e700000,0x000000775e800000) (1024K)]
  0x00000252fb306ab0 JavaThread "pool-1-thread-1"                   [_thread_blocked, id=1008, stack(0x000000775e800000,0x000000775e900000) (1024K)]
  0x00000252fb306420 JavaThread "PatternSearchJob-worker-1"  daemon [_thread_blocked, id=7952, stack(0x000000775b800000,0x000000775b900000) (1024K)]
  0x00000252fb303630 JavaThread "PatternSearchJob-worker-2"  daemon [_thread_blocked, id=14496, stack(0x000000775b900000,0x000000775ba00000) (1024K)]
  0x00000252fb302910 JavaThread "PatternSearchJob-worker-3"  daemon [_thread_blocked, id=17520, stack(0x000000775eb00000,0x000000775ec00000) (1024K)]
  0x00000252fb302fa0 JavaThread "PatternSearchJob-worker-4"  daemon [_thread_blocked, id=18192, stack(0x000000775ec00000,0x000000775ed00000) (1024K)]
  0x00000252fb3049e0 JavaThread "PatternSearchJob-worker-5"  daemon [_thread_blocked, id=14628, stack(0x000000775ed00000,0x000000775ee00000) (1024K)]
  0x00000252fb3077d0 JavaThread "PatternSearchJob-worker-6"  daemon [_thread_blocked, id=7248, stack(0x000000775ee00000,0x000000775ef00000) (1024K)]
  0x00000252fb303cc0 JavaThread "PatternSearchJob-worker-7"  daemon [_thread_blocked, id=12168, stack(0x000000775ef00000,0x000000775f000000) (1024K)]
Total: 44

Other Threads:
  0x00000252f418c3a0 VMThread "VM Thread"                           [id=6952, stack(0x000000775bd00000,0x000000775be00000) (1024K)]
  0x000002529c69d790 WatcherThread "VM Periodic Task Thread"        [id=15356, stack(0x000000775bc00000,0x000000775bd00000) (1024K)]
  0x000002529c5f4cd0 WorkerThread "GC Thread#0"                     [id=17572, stack(0x000000775bb00000,0x000000775bc00000) (1024K)]
  0x00000252fa190190 WorkerThread "GC Thread#1"                     [id=16156, stack(0x000000775c800000,0x000000775c900000) (1024K)]
  0x00000252fa18e7c0 WorkerThread "GC Thread#2"                     [id=604, stack(0x000000775c900000,0x000000775ca00000) (1024K)]
  0x00000252fa18f680 WorkerThread "GC Thread#3"                     [id=15860, stack(0x000000775ca00000,0x000000775cb00000) (1024K)]
  0x00000252fa18ef20 WorkerThread "GC Thread#4"                     [id=12200, stack(0x000000775cb00000,0x000000775cc00000) (1024K)]
  0x00000252fa18f2d0 WorkerThread "GC Thread#5"                     [id=1416, stack(0x000000775cc00000,0x000000775cd00000) (1024K)]
  0x00000252fa18fa30 WorkerThread "GC Thread#6"                     [id=16876, stack(0x000000775cd00000,0x000000775ce00000) (1024K)]
  0x00000252f5c0cea0 WorkerThread "GC Thread#7"                     [id=8576, stack(0x000000775cf00000,0x000000775d000000) (1024K)]
Total: 10

Threads with active compile tasks:
C2 CompilerThread0  76645 10360   !   4       org.eclipse.osgi.internal.loader.classpath.ClasspathManager::defineClass (636 bytes)
Total: 1

VM state: not at safepoint (normal execution)

VM Mutex/Monitor currently owned by a thread: None

Heap address: 0x0000000080000000, size: 2048 MB, Compressed Oops mode: 32-bit

CDS archive(s) mapped at: [0x00000252b3000000-0x00000252b3ba0000-0x00000252b3ba0000), size 12189696, SharedBaseAddress: 0x00000252b3000000, ArchiveRelocationMode: 1.
Compressed class space mapped at: 0x00000252b4000000-0x00000252f4000000, reserved size: 1073741824
Narrow klass base: 0x00000252b3000000, Narrow klass shift: 0, Narrow klass range: 0x100000000

GC Precious Log:
 CardTable entry size: 512
 CPUs: 8 total, 8 available
 Memory: 3971M
 Large Page Support: Disabled
 NUMA Support: Disabled
 Compressed Oops: Enabled (32-bit)
 Alignments: Space 512K, Generation 512K, Heap 2M
 Heap Min Capacity: 100M
 Heap Initial Capacity: 100M
 Heap Max Capacity: 2G
 Pre-touch: Disabled
 Parallel Workers: 8

Heap:
 PSYoungGen      total 14848K, used 1358K [0x00000000d5580000, 0x00000000d6800000, 0x0000000100000000)
  eden space 14336K, 5% used [0x00000000d5580000,0x00000000d5655218,0x00000000d6380000)
  from space 512K, 98% used [0x00000000d6680000,0x00000000d66fe920,0x00000000d6700000)
  to   space 1024K, 0% used [0x00000000d6700000,0x00000000d6700000,0x00000000d6800000)
 ParOldGen       total 71680K, used 58364K [0x0000000080000000, 0x0000000084600000, 0x00000000d5580000)
  object space 71680K, 81% used [0x0000000080000000,0x00000000838ff150,0x0000000084600000)
 Metaspace       used 60056K, committed 61504K, reserved 1114112K
  class space    used 6394K, committed 7040K, reserved 1048576K

Card table byte_map: [0x000002529bfc0000,0x000002529c3d0000] _byte_map_base: 0x000002529bbc0000

Marking Bits: (ParMarkBitMap*) 0x00007ffed86044a0
 Begin Bits: [0x00000252aeaa0000, 0x00000252b0aa0000)
 End Bits:   [0x00000252b0aa0000, 0x00000252b2aa0000)

Polling page: 0x000002529bdb0000

Metaspace:

Usage:
  Non-class:     52.40 MB used.
      Class:      6.24 MB used.
       Both:     58.65 MB used.

Virtual space:
  Non-class space:       64.00 MB reserved,      53.19 MB ( 83%) committed,  1 nodes.
      Class space:        1.00 GB reserved,       6.88 MB ( <1%) committed,  1 nodes.
             Both:        1.06 GB reserved,      60.06 MB (  6%) committed. 

Chunk freelists:
   Non-Class:  10.55 MB
       Class:  9.10 MB
        Both:  19.65 MB

MaxMetaspaceSize: unlimited
CompressedClassSpaceSize: 1.00 GB
Initial GC threshold: 21.00 MB
Current GC threshold: 97.31 MB
CDS: on
 - commit_granule_bytes: 65536.
 - commit_granule_words: 8192.
 - virtual_space_node_default_size: 8388608.
 - enlarge_chunks_in_place: 1.
 - use_allocation_guard: 0.


Internal statistics:

num_allocs_failed_limit: 9.
num_arena_births: 1106.
num_arena_deaths: 14.
num_vsnodes_births: 2.
num_vsnodes_deaths: 0.
num_space_committed: 961.
num_space_uncommitted: 0.
num_chunks_returned_to_freelist: 23.
num_chunks_taken_from_freelist: 3950.
num_chunk_merges: 15.
num_chunk_splits: 2419.
num_chunks_enlarged: 1285.
num_inconsistent_stats: 0.

CodeHeap 'non-profiled nmethods': size=120000Kb used=5666Kb max_used=5666Kb free=114333Kb
 bounds [0x00000252a72c0000, 0x00000252a7850000, 0x00000252ae7f0000]
CodeHeap 'profiled nmethods': size=120000Kb used=21383Kb max_used=21383Kb free=98616Kb
 bounds [0x000002529f7f0000, 0x00000252a0ce0000, 0x00000252a6d20000]
CodeHeap 'non-nmethods': size=5760Kb used=1418Kb max_used=1497Kb free=4342Kb
 bounds [0x00000252a6d20000, 0x00000252a6f90000, 0x00000252a72c0000]
CodeCache: size=245760Kb, used=28467Kb, max_used=28546Kb, free=217291Kb
 total_blobs=10449, nmethods=9722, adapters=633, full_count=0
Compilation: enabled, stopped_count=0, restarted_count=0

Compilation events (20 events):
Event: 75.737 Thread 0x00000252f41ac5b0 nmethod 10359 0x00000252a7836710 code [0x00000252a7837140, 0x00000252a7841188]
Event: 75.739 Thread 0x00000252f41ac5b0 10369       4       org.eclipse.jdt.internal.compiler.util.CharDeduplication::sharedCopyOfRange (190 bytes)
Event: 75.781 Thread 0x00000252f59a7df0 10459 %     3       org.eclipse.jdt.internal.core.util.Util::splitOn @ 78 (134 bytes)
Event: 75.784 Thread 0x00000252f41ac5b0 nmethod 10369 0x00000252a7846610 code [0x00000252a7846800, 0x00000252a78473b8]
Event: 75.784 Thread 0x00000252f41ac5b0 10417       4       java.util.HashMap::getNode (150 bytes)
Event: 75.785 Thread 0x00000252f59a7df0 nmethod 10459% 0x00000252a0cc2c90 code [0x00000252a0cc2f80, 0x00000252a0cc42b0]
Event: 75.785 Thread 0x00000252f59a7df0 10460       3       org.eclipse.jdt.internal.core.JavaElement::equals (57 bytes)
Event: 75.786 Thread 0x00000252f59a7df0 nmethod 10460 0x00000252a0cc4a90 code [0x00000252a0cc4ca0, 0x00000252a0cc53f0]
Event: 75.786 Thread 0x00000252f59a7df0 10461       1       org.eclipse.jdt.internal.core.JavaModelManager::getJavaModel (5 bytes)
Event: 75.786 Thread 0x00000252f59a7df0 nmethod 10461 0x00000252a7847990 code [0x00000252a7847b20, 0x00000252a7847be8]
Event: 75.797 Thread 0x00000252f59a7df0 10462   !   3       org.eclipse.jdt.internal.core.NameLookup::findType (675 bytes)
Event: 75.800 Thread 0x00000252f41ac5b0 nmethod 10417 0x00000252a7847c90 code [0x00000252a7847e40, 0x00000252a7848138]
Event: 75.801 Thread 0x00000252f41ac5b0 10429       4       org.eclipse.jdt.internal.core.util.HashtableOfArrayToObject::hashCode (35 bytes)
Event: 75.809 Thread 0x00000252f41ac5b0 nmethod 10429 0x00000252a7848310 code [0x00000252a7848500, 0x00000252a7848970]
Event: 75.809 Thread 0x00000252f41ac5b0 10360   !   4       org.eclipse.osgi.internal.loader.classpath.ClasspathManager::defineClass (636 bytes)
Event: 75.818 Thread 0x00000252f59a7df0 nmethod 10462 0x00000252a0cc5590 code [0x00000252a0cc6120, 0x00000252a0cce308]
Event: 75.819 Thread 0x00000252f59a7df0 10463       3       org.eclipse.jdt.internal.core.util.LRUCache::privateRemoveEntry (79 bytes)
Event: 75.819 Thread 0x00000252f59a7df0 nmethod 10463 0x00000252a0cd1110 code [0x00000252a0cd12e0, 0x00000252a0cd1658]
Event: 75.819 Thread 0x00000252f59a7df0 10465       3       org.eclipse.jdt.internal.core.BinaryType::equals (22 bytes)
Event: 75.820 Thread 0x00000252f59a7df0 nmethod 10465 0x00000252a0cd1790 code [0x00000252a0cd1960, 0x00000252a0cd1c58]

GC Heap History (20 events):
Event: 67.407 GC heap before
{Heap before GC invocations=57 (full 2):
 PSYoungGen      total 14848K, used 14834K [0x00000000d5580000, 0x00000000d6a80000, 0x0000000100000000)
  eden space 14336K, 100% used [0x00000000d5580000,0x00000000d6380000,0x00000000d6380000)
  from space 512K, 97% used [0x00000000d6a00000,0x00000000d6a7c9e8,0x00000000d6a80000)
  to   space 2048K, 0% used [0x00000000d6680000,0x00000000d6680000,0x00000000d6880000)
 ParOldGen       total 69632K, used 69327K [0x0000000080000000, 0x0000000084400000, 0x00000000d5580000)
  object space 69632K, 99% used [0x0000000080000000,0x00000000843b3f68,0x0000000084400000)
 Metaspace       used 56883K, committed 58304K, reserved 1114112K
  class space    used 6118K, committed 6720K, reserved 1048576K
}
Event: 67.409 GC heap after
{Heap after GC invocations=57 (full 2):
 PSYoungGen      total 16384K, used 786K [0x00000000d5580000, 0x00000000d6a80000, 0x0000000100000000)
  eden space 14336K, 0% used [0x00000000d5580000,0x00000000d5580000,0x00000000d6380000)
  from space 2048K, 38% used [0x00000000d6680000,0x00000000d6744b48,0x00000000d6880000)
  to   space 1536K, 0% used [0x00000000d6900000,0x00000000d6900000,0x00000000d6a80000)
 ParOldGen       total 70144K, used 69680K [0x0000000080000000, 0x0000000084480000, 0x00000000d5580000)
  object space 70144K, 99% used [0x0000000080000000,0x000000008440c048,0x0000000084480000)
 Metaspace       used 56883K, committed 58304K, reserved 1114112K
  class space    used 6118K, committed 6720K, reserved 1048576K
}
Event: 67.754 GC heap before
{Heap before GC invocations=58 (full 2):
 PSYoungGen      total 16384K, used 15122K [0x00000000d5580000, 0x00000000d6a80000, 0x0000000100000000)
  eden space 14336K, 100% used [0x00000000d5580000,0x00000000d6380000,0x00000000d6380000)
  from space 2048K, 38% used [0x00000000d6680000,0x00000000d6744b48,0x00000000d6880000)
  to   space 1536K, 0% used [0x00000000d6900000,0x00000000d6900000,0x00000000d6a80000)
 ParOldGen       total 70144K, used 69680K [0x0000000080000000, 0x0000000084480000, 0x00000000d5580000)
  object space 70144K, 99% used [0x0000000080000000,0x000000008440c048,0x0000000084480000)
 Metaspace       used 57249K, committed 58688K, reserved 1114112K
  class space    used 6159K, committed 6784K, reserved 1048576K
}
Event: 67.762 GC heap after
{Heap after GC invocations=58 (full 2):
 PSYoungGen      total 15360K, used 671K [0x00000000d5580000, 0x00000000d6a00000, 0x0000000100000000)
  eden space 14336K, 0% used [0x00000000d5580000,0x00000000d5580000,0x00000000d6380000)
  from space 1024K, 65% used [0x00000000d6900000,0x00000000d69a7ff0,0x00000000d6a00000)
  to   space 1024K, 0% used [0x00000000d6800000,0x00000000d6800000,0x00000000d6900000)
 ParOldGen       total 70656K, used 70327K [0x0000000080000000, 0x0000000084500000, 0x00000000d5580000)
  object space 70656K, 99% used [0x0000000080000000,0x00000000844adc48,0x0000000084500000)
 Metaspace       used 57249K, committed 58688K, reserved 1114112K
  class space    used 6159K, committed 6784K, reserved 1048576K
}
Event: 68.801 GC heap before
{Heap before GC invocations=59 (full 2):
 PSYoungGen      total 15360K, used 14256K [0x00000000d5580000, 0x00000000d6a00000, 0x0000000100000000)
  eden space 14336K, 94% used [0x00000000d5580000,0x00000000d62c4020,0x00000000d6380000)
  from space 1024K, 65% used [0x00000000d6900000,0x00000000d69a7ff0,0x00000000d6a00000)
  to   space 1024K, 0% used [0x00000000d6800000,0x00000000d6800000,0x00000000d6900000)
 ParOldGen       total 70656K, used 70327K [0x0000000080000000, 0x0000000084500000, 0x00000000d5580000)
  object space 70656K, 99% used [0x0000000080000000,0x00000000844adc48,0x0000000084500000)
 Metaspace       used 58430K, committed 59776K, reserved 1114112K
  class space    used 6254K, committed 6848K, reserved 1048576K
}
Event: 68.806 GC heap after
{Heap after GC invocations=59 (full 2):
 PSYoungGen      total 15360K, used 999K [0x00000000d5580000, 0x00000000d6980000, 0x0000000100000000)
  eden space 14336K, 0% used [0x00000000d5580000,0x00000000d5580000,0x00000000d6380000)
  from space 1024K, 97% used [0x00000000d6800000,0x00000000d68f9d90,0x00000000d6900000)
  to   space 512K, 0% used [0x00000000d6900000,0x00000000d6900000,0x00000000d6980000)
 ParOldGen       total 71680K, used 71222K [0x0000000080000000, 0x0000000084600000, 0x00000000d5580000)
  object space 71680K, 99% used [0x0000000080000000,0x000000008458d960,0x0000000084600000)
 Metaspace       used 58430K, committed 59776K, reserved 1114112K
  class space    used 6254K, committed 6848K, reserved 1048576K
}
Event: 68.806 GC heap before
{Heap before GC invocations=60 (full 3):
 PSYoungGen      total 15360K, used 999K [0x00000000d5580000, 0x00000000d6980000, 0x0000000100000000)
  eden space 14336K, 0% used [0x00000000d5580000,0x00000000d5580000,0x00000000d6380000)
  from space 1024K, 97% used [0x00000000d6800000,0x00000000d68f9d90,0x00000000d6900000)
  to   space 512K, 0% used [0x00000000d6900000,0x00000000d6900000,0x00000000d6980000)
 ParOldGen       total 71680K, used 71222K [0x0000000080000000, 0x0000000084600000, 0x00000000d5580000)
  object space 71680K, 99% used [0x0000000080000000,0x000000008458d960,0x0000000084600000)
 Metaspace       used 58430K, committed 59776K, reserved 1114112K
  class space    used 6254K, committed 6848K, reserved 1048576K
}
Event: 69.226 GC heap after
{Heap after GC invocations=60 (full 3):
 PSYoungGen      total 15360K, used 0K [0x00000000d5580000, 0x00000000d6980000, 0x0000000100000000)
  eden space 14336K, 0% used [0x00000000d5580000,0x00000000d5580000,0x00000000d6380000)
  from space 1024K, 0% used [0x00000000d6800000,0x00000000d6800000,0x00000000d6900000)
  to   space 512K, 0% used [0x00000000d6900000,0x00000000d6900000,0x00000000d6980000)
 ParOldGen       total 71680K, used 54055K [0x0000000080000000, 0x0000000084600000, 0x00000000d5580000)
  object space 71680K, 75% used [0x0000000080000000,0x00000000834c9d38,0x0000000084600000)
 Metaspace       used 58430K, committed 59776K, reserved 1114112K
  class space    used 6254K, committed 6848K, reserved 1048576K
}
Event: 70.341 GC heap before
{Heap before GC invocations=61 (full 3):
 PSYoungGen      total 15360K, used 14336K [0x00000000d5580000, 0x00000000d6980000, 0x0000000100000000)
  eden space 14336K, 100% used [0x00000000d5580000,0x00000000d6380000,0x00000000d6380000)
  from space 1024K, 0% used [0x00000000d6800000,0x00000000d6800000,0x00000000d6900000)
  to   space 512K, 0% used [0x00000000d6900000,0x00000000d6900000,0x00000000d6980000)
 ParOldGen       total 71680K, used 54055K [0x0000000080000000, 0x0000000084600000, 0x00000000d5580000)
  object space 71680K, 75% used [0x0000000080000000,0x00000000834c9d38,0x0000000084600000)
 Metaspace       used 58844K, committed 60224K, reserved 1114112K
  class space    used 6297K, committed 6912K, reserved 1048576K
}
Event: 70.344 GC heap after
{Heap after GC invocations=61 (full 3):
 PSYoungGen      total 14848K, used 484K [0x00000000d5580000, 0x00000000d6980000, 0x0000000100000000)
  eden space 14336K, 0% used [0x00000000d5580000,0x00000000d5580000,0x00000000d6380000)
  from space 512K, 94% used [0x00000000d6900000,0x00000000d6979230,0x00000000d6980000)
  to   space 1536K, 0% used [0x00000000d6680000,0x00000000d6680000,0x00000000d6800000)
 ParOldGen       total 71680K, used 54576K [0x0000000080000000, 0x0000000084600000, 0x00000000d5580000)
  object space 71680K, 76% used [0x0000000080000000,0x000000008354c1a8,0x0000000084600000)
 Metaspace       used 58844K, committed 60224K, reserved 1114112K
  class space    used 6297K, committed 6912K, reserved 1048576K
}
Event: 72.203 GC heap before
{Heap before GC invocations=62 (full 3):
 PSYoungGen      total 14848K, used 14820K [0x00000000d5580000, 0x00000000d6980000, 0x0000000100000000)
  eden space 14336K, 100% used [0x00000000d5580000,0x00000000d6380000,0x00000000d6380000)
  from space 512K, 94% used [0x00000000d6900000,0x00000000d6979230,0x00000000d6980000)
  to   space 1536K, 0% used [0x00000000d6680000,0x00000000d6680000,0x00000000d6800000)
 ParOldGen       total 71680K, used 54576K [0x0000000080000000, 0x0000000084600000, 0x00000000d5580000)
  object space 71680K, 76% used [0x0000000080000000,0x000000008354c1a8,0x0000000084600000)
 Metaspace       used 59012K, committed 60416K, reserved 1114112K
  class space    used 6297K, committed 6912K, reserved 1048576K
}
Event: 72.206 GC heap after
{Heap after GC invocations=62 (full 3):
 PSYoungGen      total 15872K, used 1056K [0x00000000d5580000, 0x00000000d6980000, 0x0000000100000000)
  eden space 14336K, 0% used [0x00000000d5580000,0x00000000d5580000,0x00000000d6380000)
  from space 1536K, 68% used [0x00000000d6680000,0x00000000d6788000,0x00000000d6800000)
  to   space 1536K, 0% used [0x00000000d6800000,0x00000000d6800000,0x00000000d6980000)
 ParOldGen       total 71680K, used 55057K [0x0000000080000000, 0x0000000084600000, 0x00000000d5580000)
  object space 71680K, 76% used [0x0000000080000000,0x00000000835c4740,0x0000000084600000)
 Metaspace       used 59012K, committed 60416K, reserved 1114112K
  class space    used 6297K, committed 6912K, reserved 1048576K
}
Event: 73.189 GC heap before
{Heap before GC invocations=63 (full 3):
 PSYoungGen      total 15872K, used 15390K [0x00000000d5580000, 0x00000000d6980000, 0x0000000100000000)
  eden space 14336K, 99% used [0x00000000d5580000,0x00000000d637fb40,0x00000000d6380000)
  from space 1536K, 68% used [0x00000000d6680000,0x00000000d6788000,0x00000000d6800000)
  to   space 1536K, 0% used [0x00000000d6800000,0x00000000d6800000,0x00000000d6980000)
 ParOldGen       total 71680K, used 55057K [0x0000000080000000, 0x0000000084600000, 0x00000000d5580000)
  object space 71680K, 76% used [0x0000000080000000,0x00000000835c4740,0x0000000084600000)
 Metaspace       used 59299K, committed 60736K, reserved 1114112K
  class space    used 6340K, committed 6976K, reserved 1048576K
}
Event: 73.192 GC heap after
{Heap after GC invocations=63 (full 3):
 PSYoungGen      total 15872K, used 1280K [0x00000000d5580000, 0x00000000d6980000, 0x0000000100000000)
  eden space 14336K, 0% used [0x00000000d5580000,0x00000000d5580000,0x00000000d6380000)
  from space 1536K, 83% used [0x00000000d6800000,0x00000000d6940000,0x00000000d6980000)
  to   space 1536K, 0% used [0x00000000d6680000,0x00000000d6680000,0x00000000d6800000)
 ParOldGen       total 71680K, used 55935K [0x0000000080000000, 0x0000000084600000, 0x00000000d5580000)
  object space 71680K, 78% used [0x0000000080000000,0x000000008369fee8,0x0000000084600000)
 Metaspace       used 59299K, committed 60736K, reserved 1114112K
  class space    used 6340K, committed 6976K, reserved 1048576K
}
Event: 73.459 GC heap before
{Heap before GC invocations=64 (full 3):
 PSYoungGen      total 15872K, used 15616K [0x00000000d5580000, 0x00000000d6980000, 0x0000000100000000)
  eden space 14336K, 100% used [0x00000000d5580000,0x00000000d6380000,0x00000000d6380000)
  from space 1536K, 83% used [0x00000000d6800000,0x00000000d6940000,0x00000000d6980000)
  to   space 1536K, 0% used [0x00000000d6680000,0x00000000d6680000,0x00000000d6800000)
 ParOldGen       total 71680K, used 55935K [0x0000000080000000, 0x0000000084600000, 0x00000000d5580000)
  object space 71680K, 78% used [0x0000000080000000,0x000000008369fee8,0x0000000084600000)
 Metaspace       used 59388K, committed 60800K, reserved 1114112K
  class space    used 6341K, committed 6976K, reserved 1048576K
}
Event: 73.463 GC heap after
{Heap after GC invocations=64 (full 3):
 PSYoungGen      total 15360K, used 768K [0x00000000d5580000, 0x00000000d6880000, 0x0000000100000000)
  eden space 14336K, 0% used [0x00000000d5580000,0x00000000d5580000,0x00000000d6380000)
  from space 1024K, 75% used [0x00000000d6680000,0x00000000d6740000,0x00000000d6780000)
  to   space 1024K, 0% used [0x00000000d6780000,0x00000000d6780000,0x00000000d6880000)
 ParOldGen       total 71680K, used 57076K [0x0000000080000000, 0x0000000084600000, 0x00000000d5580000)
  object space 71680K, 79% used [0x0000000080000000,0x00000000837bd3a0,0x0000000084600000)
 Metaspace       used 59388K, committed 60800K, reserved 1114112K
  class space    used 6341K, committed 6976K, reserved 1048576K
}
Event: 74.154 GC heap before
{Heap before GC invocations=65 (full 3):
 PSYoungGen      total 15360K, used 15104K [0x00000000d5580000, 0x00000000d6880000, 0x0000000100000000)
  eden space 14336K, 100% used [0x00000000d5580000,0x00000000d6380000,0x00000000d6380000)
  from space 1024K, 75% used [0x00000000d6680000,0x00000000d6740000,0x00000000d6780000)
  to   space 1024K, 0% used [0x00000000d6780000,0x00000000d6780000,0x00000000d6880000)
 ParOldGen       total 71680K, used 57076K [0x0000000080000000, 0x0000000084600000, 0x00000000d5580000)
  object space 71680K, 79% used [0x0000000080000000,0x00000000837bd3a0,0x0000000084600000)
 Metaspace       used 59526K, committed 60928K, reserved 1114112K
  class space    used 6345K, committed 6976K, reserved 1048576K
}
Event: 74.158 GC heap after
{Heap after GC invocations=65 (full 3):
 PSYoungGen      total 15360K, used 832K [0x00000000d5580000, 0x00000000d6880000, 0x0000000100000000)
  eden space 14336K, 0% used [0x00000000d5580000,0x00000000d5580000,0x00000000d6380000)
  from space 1024K, 81% used [0x00000000d6780000,0x00000000d6850000,0x00000000d6880000)
  to   space 1024K, 0% used [0x00000000d6680000,0x00000000d6680000,0x00000000d6780000)
 ParOldGen       total 71680K, used 57612K [0x0000000080000000, 0x0000000084600000, 0x00000000d5580000)
  object space 71680K, 80% used [0x0000000080000000,0x00000000838433a0,0x0000000084600000)
 Metaspace       used 59526K, committed 60928K, reserved 1114112K
  class space    used 6345K, committed 6976K, reserved 1048576K
}
Event: 75.788 GC heap before
{Heap before GC invocations=66 (full 3):
 PSYoungGen      total 15360K, used 15168K [0x00000000d5580000, 0x00000000d6880000, 0x0000000100000000)
  eden space 14336K, 100% used [0x00000000d5580000,0x00000000d6380000,0x00000000d6380000)
  from space 1024K, 81% used [0x00000000d6780000,0x00000000d6850000,0x00000000d6880000)
  to   space 1024K, 0% used [0x00000000d6680000,0x00000000d6680000,0x00000000d6780000)
 ParOldGen       total 71680K, used 57612K [0x0000000080000000, 0x0000000084600000, 0x00000000d5580000)
  object space 71680K, 80% used [0x0000000080000000,0x00000000838433a0,0x0000000084600000)
 Metaspace       used 59959K, committed 61376K, reserved 1114112K
  class space    used 6386K, committed 7040K, reserved 1048576K
}
Event: 75.795 GC heap after
{Heap after GC invocations=66 (full 3):
 PSYoungGen      total 14848K, used 506K [0x00000000d5580000, 0x00000000d6800000, 0x0000000100000000)
  eden space 14336K, 0% used [0x00000000d5580000,0x00000000d5580000,0x00000000d6380000)
  from space 512K, 98% used [0x00000000d6680000,0x00000000d66fe920,0x00000000d6700000)
  to   space 1024K, 0% used [0x00000000d6700000,0x00000000d6700000,0x00000000d6800000)
 ParOldGen       total 71680K, used 58364K [0x0000000080000000, 0x0000000084600000, 0x00000000d5580000)
  object space 71680K, 81% used [0x0000000080000000,0x00000000838ff150,0x0000000084600000)
 Metaspace       used 59959K, committed 61376K, reserved 1114112K
  class space    used 6386K, committed 7040K, reserved 1048576K
}

Dll operation events (20 events):
Event: 0.022 Attempting to load shared library c:\Users\andre\.antigravity-ide\extensions\redhat.java-1.56.0-win32-x64\jre\21.0.12.1-win32-x86_64\bin\java.dll
Event: 0.022 Loaded shared library c:\Users\andre\.antigravity-ide\extensions\redhat.java-1.56.0-win32-x64\jre\21.0.12.1-win32-x86_64\bin\java.dll
Event: 0.390 Attempting to load shared library c:\Users\andre\.antigravity-ide\extensions\redhat.java-1.56.0-win32-x64\jre\21.0.12.1-win32-x86_64\bin\zip.dll
Event: 0.391 Loaded shared library c:\Users\andre\.antigravity-ide\extensions\redhat.java-1.56.0-win32-x64\jre\21.0.12.1-win32-x86_64\bin\zip.dll
Event: 0.457 Attempting to load shared library C:\Users\andre\.antigravity-ide\extensions\redhat.java-1.56.0-win32-x64\jre\21.0.12.1-win32-x86_64\bin\instrument.dll
Event: 0.457 Loaded shared library C:\Users\andre\.antigravity-ide\extensions\redhat.java-1.56.0-win32-x64\jre\21.0.12.1-win32-x86_64\bin\instrument.dll
Event: 0.491 Attempting to load shared library C:\Users\andre\.antigravity-ide\extensions\redhat.java-1.56.0-win32-x64\jre\21.0.12.1-win32-x86_64\bin\net.dll
Event: 0.493 Loaded shared library C:\Users\andre\.antigravity-ide\extensions\redhat.java-1.56.0-win32-x64\jre\21.0.12.1-win32-x86_64\bin\net.dll
Event: 0.498 Attempting to load shared library C:\Users\andre\.antigravity-ide\extensions\redhat.java-1.56.0-win32-x64\jre\21.0.12.1-win32-x86_64\bin\nio.dll
Event: 0.499 Loaded shared library C:\Users\andre\.antigravity-ide\extensions\redhat.java-1.56.0-win32-x64\jre\21.0.12.1-win32-x86_64\bin\nio.dll
Event: 0.508 Attempting to load shared library C:\Users\andre\.antigravity-ide\extensions\redhat.java-1.56.0-win32-x64\jre\21.0.12.1-win32-x86_64\bin\zip.dll
Event: 0.508 Loaded shared library C:\Users\andre\.antigravity-ide\extensions\redhat.java-1.56.0-win32-x64\jre\21.0.12.1-win32-x86_64\bin\zip.dll
Event: 0.609 Attempting to load shared library C:\Users\andre\.antigravity-ide\extensions\redhat.java-1.56.0-win32-x64\jre\21.0.12.1-win32-x86_64\bin\jimage.dll
Event: 0.609 Loaded shared library C:\Users\andre\.antigravity-ide\extensions\redhat.java-1.56.0-win32-x64\jre\21.0.12.1-win32-x86_64\bin\jimage.dll
Event: 1.063 Attempting to load shared library c:\Users\andre\.antigravity-ide\extensions\redhat.java-1.56.0-win32-x64\jre\21.0.12.1-win32-x86_64\bin\verify.dll
Event: 1.064 Loaded shared library c:\Users\andre\.antigravity-ide\extensions\redhat.java-1.56.0-win32-x64\jre\21.0.12.1-win32-x86_64\bin\verify.dll
Event: 10.804 Attempting to load shared library C:\Users\andre\AppData\Roaming\Antigravity IDE\User\globalStorage\redhat.java\1.56.0\config_win\org.eclipse.equinox.launcher\org.eclipse.equinox.launcher.win32.win32.x86_64_1.3.100.v20260804-1928\eclipse_11924.dll
Event: 10.817 Loaded shared library C:\Users\andre\AppData\Roaming\Antigravity IDE\User\globalStorage\redhat.java\1.56.0\config_win\org.eclipse.equinox.launcher\org.eclipse.equinox.launcher.win32.win32.x86_64_1.3.100.v20260804-1928\eclipse_11924.dll
Event: 21.399 Attempting to load shared library C:\Users\andre\AppData\Local\Temp\jna-92958282\jna5033914935604450710.dll
Event: 23.769 Loaded shared library C:\Users\andre\AppData\Local\Temp\jna-92958282\jna5033914935604450710.dll

Deoptimization events (20 events):
Event: 73.909 Thread 0x00000252fa5647c0 Uncommon trap: trap_request=0xffffff45 fr.pc=0x00000252a7522fbc relative=0x000000000000027c
Event: 73.909 Thread 0x00000252fa5647c0 Uncommon trap: reason=unstable_if action=reinterpret pc=0x00000252a7522fbc method=java.util.HashMap.getNode(Ljava/lang/Object;)Ljava/util/HashMap$Node; @ 57 c2
Event: 73.910 Thread 0x00000252fa5647c0 DEOPT PACKING pc=0x00000252a7522fbc sp=0x000000775d8fd6e0
Event: 73.910 Thread 0x00000252fa5647c0 DEOPT UNPACKING pc=0x00000252a6d73aa2 sp=0x000000775d8fd660 mode 2
Event: 74.259 Thread 0x00000252fa5647c0 DEOPT PACKING pc=0x00000252a0142f48 sp=0x000000775d8fd5b0
Event: 74.259 Thread 0x00000252fa5647c0 DEOPT UNPACKING pc=0x00000252a6d74242 sp=0x000000775d8fca58 mode 0
Event: 74.799 Thread 0x00000252fa5647c0 Uncommon trap: trap_request=0xffffff45 fr.pc=0x00000252a76f140c relative=0x00000000000001cc
Event: 74.799 Thread 0x00000252fa5647c0 Uncommon trap: reason=unstable_if action=reinterpret pc=0x00000252a76f140c method=java.util.jar.JarFile.match([B[B[B[B)I @ 29 c2
Event: 74.799 Thread 0x00000252fa5647c0 DEOPT PACKING pc=0x00000252a76f140c sp=0x000000775d8fdec0
Event: 74.800 Thread 0x00000252fa5647c0 DEOPT UNPACKING pc=0x00000252a6d73aa2 sp=0x000000775d8fde38 mode 2
Event: 74.857 Thread 0x00000252fa5647c0 DEOPT PACKING pc=0x00000252a0c8857b sp=0x000000775d8fdec0
Event: 74.857 Thread 0x00000252fa5647c0 DEOPT UNPACKING pc=0x00000252a6d74242 sp=0x000000775d8fd330 mode 0
Event: 75.335 Thread 0x00000252fa5647c0 DEOPT PACKING pc=0x00000252a061aeb2 sp=0x000000775d8fe040
Event: 75.335 Thread 0x00000252fa5647c0 DEOPT UNPACKING pc=0x00000252a6d74242 sp=0x000000775d8fd5b8 mode 0
Event: 75.363 Thread 0x00000252fa5647c0 DEOPT PACKING pc=0x00000252a06f500b sp=0x000000775d8fdf40
Event: 75.363 Thread 0x00000252fa5647c0 DEOPT UNPACKING pc=0x00000252a6d74242 sp=0x000000775d8fd428 mode 0
Event: 75.397 Thread 0x00000252fa5647c0 Uncommon trap: trap_request=0xffffff45 fr.pc=0x00000252a7658f38 relative=0x0000000000001238
Event: 75.398 Thread 0x00000252fa5647c0 Uncommon trap: reason=unstable_if action=reinterpret pc=0x00000252a7658f38 method=org.eclipse.jdt.internal.core.util.Util.splitOn(CLjava/lang/String;II)[Ljava/lang/String; @ 16 c2
Event: 75.398 Thread 0x00000252fa5647c0 DEOPT PACKING pc=0x00000252a7658f38 sp=0x000000775d8fe6a0
Event: 75.398 Thread 0x00000252fa5647c0 DEOPT UNPACKING pc=0x00000252a6d73aa2 sp=0x000000775d8fe690 mode 2

Classes loaded (20 events):
Event: 62.233 Loading class java/util/Hashtable$ValueCollection
Event: 62.234 Loading class java/util/Hashtable$ValueCollection done
Event: 62.705 Loading class java/nio/charset/CharacterCodingException
Event: 62.705 Loading class java/nio/charset/CharacterCodingException done
Event: 62.705 Loading class java/io/SequenceInputStream
Event: 62.706 Loading class java/io/SequenceInputStream done
Event: 62.795 Loading class java/util/WeakHashMap$KeyIterator
Event: 62.796 Loading class java/util/WeakHashMap$KeyIterator done
Event: 63.076 Loading class java/util/concurrent/ForkJoinTask$AdaptedCallable
Event: 63.077 Loading class java/util/concurrent/ForkJoinTask$AdaptedCallable done
Event: 63.134 Loading class java/util/Hashtable$KeySet
Event: 63.134 Loading class java/util/Hashtable$KeySet done
Event: 67.894 Loading class java/util/stream/ReduceOps$4
Event: 67.895 Loading class java/util/stream/ReduceOps$4 done
Event: 67.895 Loading class java/util/stream/ReduceOps$4ReducingSink
Event: 67.895 Loading class java/util/stream/ReduceOps$4ReducingSink done
Event: 75.107 Loading class java/lang/invoke/MethodHandleImpl$CountingWrapper$1
Event: 75.109 Loading class java/lang/invoke/MethodHandleImpl$CountingWrapper$1 done
Event: 75.816 Loading class java/util/HashMap$EntrySpliterator
Event: 75.816 Loading class java/util/HashMap$EntrySpliterator done

Classes unloaded (7 events):
Event: 25.940 Thread 0x00000252f418c3a0 Unloading class 0x00000252b41acc00 'java/lang/invoke/LambdaForm$MH+0x00000252b41acc00'
Event: 25.940 Thread 0x00000252f418c3a0 Unloading class 0x00000252b41ac800 'java/lang/invoke/LambdaForm$MH+0x00000252b41ac800'
Event: 25.940 Thread 0x00000252f418c3a0 Unloading class 0x00000252b41ac400 'java/lang/invoke/LambdaForm$MH+0x00000252b41ac400'
Event: 25.940 Thread 0x00000252f418c3a0 Unloading class 0x00000252b41ac000 'java/lang/invoke/LambdaForm$MH+0x00000252b41ac000'
Event: 25.940 Thread 0x00000252f418c3a0 Unloading class 0x00000252b41abc00 'java/lang/invoke/LambdaForm$BMH+0x00000252b41abc00'
Event: 25.940 Thread 0x00000252f418c3a0 Unloading class 0x00000252b41ab800 'java/lang/invoke/LambdaForm$DMH+0x00000252b41ab800'
Event: 25.940 Thread 0x00000252f418c3a0 Unloading class 0x00000252b41aa400 'java/lang/invoke/LambdaForm$DMH+0x00000252b41aa400'

Classes redefined (0 events):
No events

Internal exceptions (20 events):
Event: 63.202 Thread 0x00000252fa5647c0 Exception <a 'sun/nio/fs/WindowsException'{0x00000000d5ba4c80}> (0x00000000d5ba4c80) 
thrown [s\src\hotspot\share\prims\jni.cpp, line 520]
Event: 63.223 Thread 0x00000252fa5647c0 Exception <a 'java/io/FileNotFoundException'{0x00000000d5ccb6c0}> (0x00000000d5ccb6c0) 
thrown [s\src\hotspot\share\prims\jni.cpp, line 520]
Event: 63.223 Thread 0x00000252fa5647c0 Exception <a 'java/io/FileNotFoundException'{0x00000000d5ccc4a8}> (0x00000000d5ccc4a8) 
thrown [s\src\hotspot\share\prims\jni.cpp, line 520]
Event: 63.240 Thread 0x00000252fa5647c0 Exception <a 'sun/nio/fs/WindowsException'{0x00000000d5d3fa88}> (0x00000000d5d3fa88) 
thrown [s\src\hotspot\share\prims\jni.cpp, line 520]
Event: 63.240 Thread 0x00000252fa5647c0 Exception <a 'sun/nio/fs/WindowsException'{0x00000000d5d401c8}> (0x00000000d5d401c8) 
thrown [s\src\hotspot\share\prims\jni.cpp, line 520]
Event: 63.401 Thread 0x00000252fa564130 Exception <a 'java/lang/NoSuchMethodError'{0x00000000d60c0f70}: 'java.lang.Object java.lang.invoke.DirectMethodHandle$Holder.invokeSpecial(java.lang.Object, java.lang.Object, int, long)'> (0x00000000d60c0f70) 
thrown [s\src\hotspot\share\interpreter\linkResolver.cpp, line 773]
Event: 64.389 Thread 0x00000252fa5647c0 Exception <a 'java/lang/NoSuchMethodError'{0x00000000d55c2050}: 'void java.lang.invoke.DirectMethodHandle$Holder.invokeStatic(java.lang.Object, java.lang.Object, java.lang.Object, int)'> (0x00000000d55c2050) 
thrown [s\src\hotspot\share\interpreter\linkResolver.cpp, line 773]
Event: 64.444 Thread 0x00000252fa564130 Implicit null exception at 0x00000252a763b429 to 0x00000252a763b9f4
Event: 64.446 Thread 0x00000252fa5647c0 Exception <a 'java/lang/NoSuchMethodError'{0x00000000d5d15640}: 'void java.lang.invoke.DirectMethodHandle$Holder.invokeVirtual(java.lang.Object, java.lang.Object, int)'> (0x00000000d5d15640) 
thrown [s\src\hotspot\share\interpreter\linkResolver.cpp, line 773]
Event: 64.447 Thread 0x00000252fa5647c0 Implicit null exception at 0x00000252a769ca31 to 0x00000252a769cd18
Event: 65.522 Thread 0x00000252fa564130 Implicit null exception at 0x00000252a771bda9 to 0x00000252a771c724
Event: 67.947 Thread 0x00000252fa564130 Exception <a 'java/lang/NoSuchMethodError'{0x00000000d571fa10}: 'int java.lang.invoke.DirectMethodHandle$Holder.invokeSpecialIFC(java.lang.Object, java.lang.Object, java.lang.Object)'> (0x00000000d571fa10) 
thrown [s\src\hotspot\share\interpreter\linkResolver.cpp, line 773]
Event: 68.712 Thread 0x00000252fa564130 Exception <a 'java/lang/NoSuchMethodError'{0x00000000d6139040}: 'void java.lang.invoke.DirectMethodHandle$Holder.invokeStatic(java.lang.Object, int, java.lang.Object)'> (0x00000000d6139040) 
thrown [s\src\hotspot\share\interpreter\linkResolver.cpp, line 773]
Event: 69.401 Thread 0x00000252fa564130 Exception <a 'java/io/FileNotFoundException'{0x00000000d5732dd0}> (0x00000000d5732dd0) 
thrown [s\src\hotspot\share\prims\jni.cpp, line 520]
Event: 69.402 Thread 0x00000252fa564130 Exception <a 'java/io/FileNotFoundException'{0x00000000d5733f48}> (0x00000000d5733f48) 
thrown [s\src\hotspot\share\prims\jni.cpp, line 520]
Event: 69.402 Thread 0x00000252fa564130 Exception <a 'java/io/FileNotFoundException'{0x00000000d5734d18}> (0x00000000d5734d18) 
thrown [s\src\hotspot\share\prims\jni.cpp, line 520]
Event: 73.039 Thread 0x00000252fa5647c0 Exception <a 'java/lang/NoSuchMethodError'{0x00000000d5f7bf70}: 'void java.lang.invoke.DirectMethodHandle$Holder.invokeInterface(java.lang.Object, java.lang.Object)'> (0x00000000d5f7bf70) 
thrown [s\src\hotspot\share\interpreter\linkResolver.cpp, line 773]
Event: 73.090 Thread 0x00000252faac7ec0 Exception <a 'java/lang/NoSuchMethodError'{0x00000000d603ab40}: 'void java.lang.invoke.DirectMethodHandle$Holder.invokeSpecial(java.lang.Object, java.lang.Object, java.lang.Object, java.lang.Object, java.lang.Object, java.lang.Object, java.lang.Object, java.lang.Object)'> (0x00000000d603ab40) 
thrown [s\src\hotspot\share\interpreter\linkResolver.cpp, line 773]
Event: 74.410 Thread 0x00000252fa5647c0 Exception <a 'sun/nio/fs/WindowsException'{0x00000000d566d7a0}> (0x00000000d566d7a0) 
thrown [s\src\hotspot\share\prims\jni.cpp, line 520]
Event: 74.439 Thread 0x00000252fa5647c0 Exception <a 'sun/nio/fs/WindowsException'{0x00000000d566e190}> (0x00000000d566e190) 
thrown [s\src\hotspot\share\prims\jni.cpp, line 520]

ZGC Phase Switch (0 events):
No events

VM Operations (20 events):
Event: 70.231 Executing safepoint VM operation: Cleanup
Event: 70.233 Executing safepoint VM operation: Cleanup done
Event: 70.341 Executing safepoint VM operation: ParallelGCFailedAllocation (Allocation Failure)
Event: 70.344 Executing safepoint VM operation: ParallelGCFailedAllocation (Allocation Failure) done
Event: 71.355 Executing safepoint VM operation: Cleanup
Event: 71.371 Executing safepoint VM operation: Cleanup done
Event: 72.202 Executing safepoint VM operation: ParallelGCFailedAllocation (Allocation Failure)
Event: 72.206 Executing safepoint VM operation: ParallelGCFailedAllocation (Allocation Failure) done
Event: 73.109 Executing non-safepoint VM operation: HandshakeAllThreads (Deoptimize)
Event: 73.110 Executing non-safepoint VM operation: HandshakeAllThreads (Deoptimize) done
Event: 73.188 Executing safepoint VM operation: ParallelGCFailedAllocation (Allocation Failure)
Event: 73.193 Executing safepoint VM operation: ParallelGCFailedAllocation (Allocation Failure) done
Event: 73.451 Executing safepoint VM operation: ParallelGCFailedAllocation (Allocation Failure)
Event: 73.463 Executing safepoint VM operation: ParallelGCFailedAllocation (Allocation Failure) done
Event: 74.154 Executing safepoint VM operation: ParallelGCFailedAllocation (Allocation Failure)
Event: 74.158 Executing safepoint VM operation: ParallelGCFailedAllocation (Allocation Failure) done
Event: 75.167 Executing safepoint VM operation: Cleanup
Event: 75.168 Executing safepoint VM operation: Cleanup done
Event: 75.788 Executing safepoint VM operation: ParallelGCFailedAllocation (Allocation Failure)
Event: 75.796 Executing safepoint VM operation: ParallelGCFailedAllocation (Allocation Failure) done

Memory protections (0 events):
No events

Nmethod flushes (20 events):
Event: 69.062 Thread 0x00000252f418c3a0 flushing  nmethod 0x00000252a0133010
Event: 69.062 Thread 0x00000252f418c3a0 flushing  nmethod 0x00000252a013f110
Event: 69.062 Thread 0x00000252f418c3a0 flushing  nmethod 0x00000252a013f710
Event: 69.062 Thread 0x00000252f418c3a0 flushing  nmethod 0x00000252a0143690
Event: 69.062 Thread 0x00000252f418c3a0 flushing  nmethod 0x00000252a0143c10
Event: 69.062 Thread 0x00000252f418c3a0 flushing  nmethod 0x00000252a0144810
Event: 69.062 Thread 0x00000252f418c3a0 flushing  nmethod 0x00000252a0145190
Event: 69.062 Thread 0x00000252f418c3a0 flushing  nmethod 0x00000252a0145710
Event: 69.062 Thread 0x00000252f418c3a0 flushing  nmethod 0x00000252a0145b90
Event: 69.062 Thread 0x00000252f418c3a0 flushing  nmethod 0x00000252a0145f10
Event: 69.062 Thread 0x00000252f418c3a0 flushing  nmethod 0x00000252a0146410
Event: 69.062 Thread 0x00000252f418c3a0 flushing  nmethod 0x00000252a0147310
Event: 69.062 Thread 0x00000252f418c3a0 flushing  nmethod 0x00000252a0147b90
Event: 69.062 Thread 0x00000252f418c3a0 flushing  nmethod 0x00000252a0148190
Event: 69.062 Thread 0x00000252f418c3a0 flushing  nmethod 0x00000252a0149710
Event: 69.062 Thread 0x00000252f418c3a0 flushing  nmethod 0x00000252a0149f10
Event: 69.062 Thread 0x00000252f418c3a0 flushing  nmethod 0x00000252a0150390
Event: 69.062 Thread 0x00000252f418c3a0 flushing  nmethod 0x00000252a0164810
Event: 69.062 Thread 0x00000252f418c3a0 flushing  nmethod 0x00000252a0164d10
Event: 69.062 Thread 0x00000252f418c3a0 flushing  nmethod 0x00000252a0165290

Events (20 events):
Event: 31.831 Thread 0x000002529c5d6c30 Thread added: 0x00000252fb306ab0
Event: 39.698 Thread 0x00000252fa562060 Thread added: 0x00000252fb302910
Event: 48.817 Thread 0x00000252fb302910 Thread exited: 0x00000252fb302910
Event: 63.080 Thread 0x00000252fa562060 Thread added: 0x00000252fb306420
Event: 63.081 Thread 0x00000252fa562060 Thread added: 0x00000252fb303630
Event: 63.108 Thread 0x00000252fb306420 Thread added: 0x00000252fb302910
Event: 63.113 Thread 0x00000252fb302910 Thread added: 0x00000252fb302fa0
Event: 63.114 Thread 0x00000252fb303630 Thread added: 0x00000252fb3049e0
Event: 63.127 Thread 0x00000252fb3049e0 Thread added: 0x00000252fb3077d0
Event: 63.137 Thread 0x00000252fb3077d0 Thread added: 0x00000252fb303cc0
Event: 73.073 Thread 0x00000252fa5647c0 Thread added: 0x00000252faac7ec0
Event: 73.074 Thread 0x00000252fa5647c0 Thread added: 0x00000252faac9270
Event: 73.074 Thread 0x00000252fa5647c0 Thread added: 0x00000252faac9900
Event: 73.142 Thread 0x00000252fa5647c0 Thread added: 0x00000252faac7830
Event: 73.143 Thread 0x00000252fa5647c0 Thread added: 0x00000252faacc060
Event: 73.892 Thread 0x00000252faac9900 Thread exited: 0x00000252faac9900
Event: 73.892 Thread 0x00000252faacc060 Thread exited: 0x00000252faacc060
Event: 73.892 Thread 0x00000252faac9270 Thread exited: 0x00000252faac9270
Event: 73.892 Thread 0x00000252faac7830 Thread exited: 0x00000252faac7830
Event: 73.892 Thread 0x00000252faac7ec0 Thread exited: 0x00000252faac7ec0


Dynamic libraries:
0x00007ff6336e0000 - 0x00007ff6336ee000 	c:\Users\andre\.antigravity-ide\extensions\redhat.java-1.56.0-win32-x64\jre\21.0.12.1-win32-x86_64\bin\java.exe
0x00007fff52510000 - 0x00007fff52708000 	C:\Windows\SYSTEM32\ntdll.dll
0x00007fff51870000 - 0x00007fff5192f000 	C:\Windows\System32\KERNEL32.DLL
0x00007fff50040000 - 0x00007fff50336000 	C:\Windows\System32\KERNELBASE.dll
0x00007fff4ff40000 - 0x00007fff50040000 	C:\Windows\System32\ucrtbase.dll
0x00007fff3f270000 - 0x00007fff3f288000 	c:\Users\andre\.antigravity-ide\extensions\redhat.java-1.56.0-win32-x64\jre\21.0.12.1-win32-x86_64\bin\jli.dll
0x00007fff458a0000 - 0x00007fff458be000 	c:\Users\andre\.antigravity-ide\extensions\redhat.java-1.56.0-win32-x64\jre\21.0.12.1-win32-x86_64\bin\VCRUNTIME140.dll
0x00007fff51b10000 - 0x00007fff51cad000 	C:\Windows\System32\USER32.dll
0x00007fff504d0000 - 0x00007fff504f2000 	C:\Windows\System32\win32u.dll
0x00007fff398b0000 - 0x00007fff39b4a000 	C:\Windows\WinSxS\amd64_microsoft.windows.common-controls_6595b64144ccf1df_6.0.19041.1110_none_60b5254171f9507e\COMCTL32.dll
0x00007fff52190000 - 0x00007fff521bc000 	C:\Windows\System32\GDI32.dll
0x00007fff509b0000 - 0x00007fff50a4e000 	C:\Windows\System32\msvcrt.dll
0x00007fff4fc90000 - 0x00007fff4fda5000 	C:\Windows\System32\gdi32full.dll
0x00007fff4fbf0000 - 0x00007fff4fc8d000 	C:\Windows\System32\msvcp_win.dll
0x00007fff51840000 - 0x00007fff51870000 	C:\Windows\System32\IMM32.DLL
0x00007fff497c0000 - 0x00007fff497cc000 	c:\Users\andre\.antigravity-ide\extensions\redhat.java-1.56.0-win32-x64\jre\21.0.12.1-win32-x86_64\bin\vcruntime140_1.dll
0x00007fff22060000 - 0x00007fff220ed000 	c:\Users\andre\.antigravity-ide\extensions\redhat.java-1.56.0-win32-x64\jre\21.0.12.1-win32-x86_64\bin\msvcp140.dll
0x00007ffed7940000 - 0x00007ffed86e2000 	c:\Users\andre\.antigravity-ide\extensions\redhat.java-1.56.0-win32-x64\jre\21.0.12.1-win32-x86_64\bin\server\jvm.dll
0x00007fff51a60000 - 0x00007fff51b0f000 	C:\Windows\System32\ADVAPI32.dll
0x00007fff50ec0000 - 0x00007fff50f5c000 	C:\Windows\System32\sechost.dll
0x00007fff523a0000 - 0x00007fff524c6000 	C:\Windows\System32\RPCRT4.dll
0x00007fff52070000 - 0x00007fff520db000 	C:\Windows\System32\WS2_32.dll
0x00007fff4f140000 - 0x00007fff4f18b000 	C:\Windows\SYSTEM32\POWRPROF.dll
0x00007fff44b50000 - 0x00007fff44b77000 	C:\Windows\SYSTEM32\WINMM.dll
0x00007fff494f0000 - 0x00007fff494fa000 	C:\Windows\SYSTEM32\VERSION.dll
0x00007fff4f000000 - 0x00007fff4f012000 	C:\Windows\SYSTEM32\UMPDC.dll
0x00007fff4d990000 - 0x00007fff4d9a2000 	C:\Windows\SYSTEM32\kernel.appcore.dll
0x00007fff45c00000 - 0x00007fff45c0a000 	c:\Users\andre\.antigravity-ide\extensions\redhat.java-1.56.0-win32-x64\jre\21.0.12.1-win32-x86_64\bin\jimage.dll
0x00007fff46680000 - 0x00007fff46864000 	C:\Windows\SYSTEM32\DBGHELP.DLL
0x00007fff46580000 - 0x00007fff465b4000 	C:\Windows\SYSTEM32\dbgcore.DLL
0x00007fff50340000 - 0x00007fff503c2000 	C:\Windows\System32\bcryptPrimitives.dll
0x00007fff45880000 - 0x00007fff4588f000 	c:\Users\andre\.antigravity-ide\extensions\redhat.java-1.56.0-win32-x64\jre\21.0.12.1-win32-x86_64\bin\instrument.dll
0x00007fff2be60000 - 0x00007fff2be80000 	c:\Users\andre\.antigravity-ide\extensions\redhat.java-1.56.0-win32-x64\jre\21.0.12.1-win32-x86_64\bin\java.dll
0x00007fff50fd0000 - 0x00007fff51714000 	C:\Windows\System32\SHELL32.dll
0x00007fff4dc70000 - 0x00007fff4e403000 	C:\Windows\SYSTEM32\windows.storage.dll
0x00007fff505f0000 - 0x00007fff50944000 	C:\Windows\System32\combase.dll
0x00007fff4f650000 - 0x00007fff4f67e000 	C:\Windows\SYSTEM32\Wldp.dll
0x00007fff51d10000 - 0x00007fff51dbd000 	C:\Windows\System32\SHCORE.dll
0x00007fff50950000 - 0x00007fff509a5000 	C:\Windows\System32\shlwapi.dll
0x00007fff4fb30000 - 0x00007fff4fb4f000 	C:\Windows\SYSTEM32\profapi.dll
0x00007fff25a30000 - 0x00007fff25a48000 	c:\Users\andre\.antigravity-ide\extensions\redhat.java-1.56.0-win32-x64\jre\21.0.12.1-win32-x86_64\bin\zip.dll
0x00007fff39fc0000 - 0x00007fff39fd0000 	C:\Users\andre\.antigravity-ide\extensions\redhat.java-1.56.0-win32-x64\jre\21.0.12.1-win32-x86_64\bin\net.dll
0x00007fff47700000 - 0x00007fff4780a000 	C:\Windows\SYSTEM32\WINHTTP.dll
0x00007fff4f390000 - 0x00007fff4f3fa000 	C:\Windows\system32\mswsock.dll
0x00007fff22040000 - 0x00007fff22056000 	C:\Users\andre\.antigravity-ide\extensions\redhat.java-1.56.0-win32-x64\jre\21.0.12.1-win32-x86_64\bin\nio.dll
0x00007fff36610000 - 0x00007fff36620000 	c:\Users\andre\.antigravity-ide\extensions\redhat.java-1.56.0-win32-x64\jre\21.0.12.1-win32-x86_64\bin\verify.dll
0x00007ffeb63d0000 - 0x00007ffeb6415000 	C:\Users\andre\AppData\Roaming\Antigravity IDE\User\globalStorage\redhat.java\1.56.0\config_win\org.eclipse.equinox.launcher\org.eclipse.equinox.launcher.win32.win32.x86_64_1.3.100.v20260804-1928\eclipse_11924.dll
0x00007fff51930000 - 0x00007fff51a5a000 	C:\Windows\System32\ole32.dll
0x00007fff4f5a0000 - 0x00007fff4f5b8000 	C:\Windows\SYSTEM32\CRYPTSP.dll
0x00007fff4ec20000 - 0x00007fff4ec54000 	C:\Windows\system32\rsaenh.dll
0x00007fff4ff10000 - 0x00007fff4ff37000 	C:\Windows\System32\bcrypt.dll
0x00007fff4faf0000 - 0x00007fff4fb1e000 	C:\Windows\SYSTEM32\USERENV.dll
0x00007fff4f5c0000 - 0x00007fff4f5cc000 	C:\Windows\SYSTEM32\CRYPTBASE.dll
0x00007fff4f020000 - 0x00007fff4f05c000 	C:\Windows\SYSTEM32\IPHLPAPI.DLL
0x00007fff51f70000 - 0x00007fff51f78000 	C:\Windows\System32\NSI.dll
0x00007fff389f0000 - 0x00007fff38a39000 	C:\Users\andre\AppData\Local\Temp\jna-92958282\jna5033914935604450710.dll
0x00007fff521e0000 - 0x00007fff521e8000 	C:\Windows\System32\PSAPI.DLL
0x00007fff47d60000 - 0x00007fff47d77000 	C:\Windows\SYSTEM32\dhcpcsvc6.DLL
0x00007fff485b0000 - 0x00007fff485cd000 	C:\Windows\SYSTEM32\dhcpcsvc.DLL

JVMTI agents:
c:\Users\andre\.antigravity-ide\extensions\redhat.java-1.56.0-win32-x64\lombok\lombok-1.18.39-4050.jar path:c:\Users\andre\.antigravity-ide\extensions\redhat.java-1.56.0-win32-x64\jre\21.0.12.1-win32-x86_64\bin\instrument.dll, loaded, initialized, instrumentlib options:none

dbghelp: loaded successfully - version: 4.0.5 - missing functions: none
symbol engine: initialized successfully - sym options: 0x614 - pdb path: .;c:\Users\andre\.antigravity-ide\extensions\redhat.java-1.56.0-win32-x64\jre\21.0.12.1-win32-x86_64\bin;C:\Windows\SYSTEM32;C:\Windows\WinSxS\amd64_microsoft.windows.common-controls_6595b64144ccf1df_6.0.19041.1110_none_60b5254171f9507e;c:\Users\andre\.antigravity-ide\extensions\redhat.java-1.56.0-win32-x64\jre\21.0.12.1-win32-x86_64\bin\server;C:\Users\andre\AppData\Roaming\Antigravity IDE\User\globalStorage\redhat.java\1.56.0\config_win\org.eclipse.equinox.launcher\org.eclipse.equinox.launcher.win32.win32.x86_64_1.3.100.v20260804-1928;C:\Users\andre\AppData\Local\Temp\jna-92958282

VM Arguments:
jvm_args: --add-modules=ALL-SYSTEM --add-opens=java.base/java.util=ALL-UNNAMED --add-opens=java.base/java.lang=ALL-UNNAMED --add-opens=java.base/sun.nio.fs=ALL-UNNAMED -Declipse.application=org.eclipse.jdt.ls.core.id1 -Dosgi.bundles.defaultStartLevel=4 -Declipse.product=org.eclipse.jdt.ls.core.product -Djava.import.generatesMetadataFilesAtProjectRoot=false -Dm2e.project.cache.size=50 -DDetectVMInstallationsJob.disabled=true -Dfile.encoding=utf8 -XX:+UseParallelGC -XX:GCTimeRatio=4 -XX:AdaptiveSizePolicyWeight=90 -Dsun.zip.disableMemoryMapping=true -Xmx2G -Xms100m -Xlog:disable -javaagent:c:\Users\andre\.antigravity-ide\extensions\redhat.java-1.56.0-win32-x64\lombok\lombok-1.18.39-4050.jar -XX:+HeapDumpOnOutOfMemoryError -XX:HeapDumpPath=c:\Users\andre\AppData\Roaming\Antigravity IDE\User\workspaceStorage\73da15329973be89537c21fbe79b6132\redhat.java -Daether.dependencyCollector.impl=bf 
java_command: c:\Users\andre\.antigravity-ide\extensions\redhat.java-1.56.0-win32-x64\server\plugins\org.eclipse.equinox.launcher_1.8.0.v20260804-1928.jar -configuration c:\Users\andre\AppData\Roaming\Antigravity IDE\User\globalStorage\redhat.java\1.56.0\config_win -data c:\Users\andre\AppData\Roaming\Antigravity IDE\User\workspaceStorage\73da15329973be89537c21fbe79b6132\redhat.java\jdt_ws --pipe=\\.\pipe\lsp-09eec8abce68739f4077cfae97b35afd-sock
java_class_path (initial): c:\Users\andre\.antigravity-ide\extensions\redhat.java-1.56.0-win32-x64\server\plugins\org.eclipse.equinox.launcher_1.8.0.v20260804-1928.jar
Launcher Type: SUN_STANDARD

[Global flags]
    uintx AdaptiveSizePolicyWeight                 = 90                                        {product} {command line}
     intx CICompilerCount                          = 4                                         {product} {ergonomic}
    uintx GCTimeRatio                              = 4                                         {product} {command line}
     bool HeapDumpOnOutOfMemoryError               = true                                   {manageable} {command line}
    ccstr HeapDumpPath                             = c:\Users\andre\AppData\Roaming\Antigravity IDE\User\workspaceStorage\73da15329973be89537c21fbe79b6132\redhat.java         {manageable} {command line}
   size_t InitialHeapSize                          = 104857600                                 {product} {command line}
   size_t MaxHeapSize                              = 2147483648                                {product} {command line}
   size_t MaxNewSize                               = 715653120                                 {product} {ergonomic}
   size_t MinHeapDeltaBytes                        = 524288                                    {product} {ergonomic}
   size_t MinHeapSize                              = 104857600                                 {product} {command line}
   size_t NewSize                                  = 34603008                                  {product} {ergonomic}
    uintx NonNMethodCodeHeapSize                   = 5839372                                {pd product} {ergonomic}
    uintx NonProfiledCodeHeapSize                  = 122909434                              {pd product} {ergonomic}
   size_t OldSize                                  = 70254592                                  {product} {ergonomic}
    uintx ProfiledCodeHeapSize                     = 122909434                              {pd product} {ergonomic}
    uintx ReservedCodeCacheSize                    = 251658240                              {pd product} {ergonomic}
     bool SegmentedCodeCache                       = true                                      {product} {ergonomic}
   size_t SoftMaxHeapSize                          = 2147483648                             {manageable} {ergonomic}
     bool UseCompressedOops                        = true                           {product lp64_product} {ergonomic}
     bool UseLargePagesIndividualAllocation        = false                                  {pd product} {ergonomic}
     bool UseParallelGC                            = true                                      {product} {command line}

Logging:
Log output configuration:
 #0: stdout all=off uptime,level,tags foldmultilines=false
 #1: stderr all=off uptime,level,tags foldmultilines=false

Release file:
JAVA_VERSION="21.0.12.1" 
MODULES="java.base java.compiler java.datatransfer java.xml java.prefs java.desktop java.instrument java.logging java.management java.security.sasl java.naming java.rmi java.management.rmi java.net.http java.scripting java.security.jgss java.transaction.xa java.sql java.sql.rowset java.xml.crypto java.se java.smartcardio jdk.accessibility jdk.internal.jvmstat jdk.attach jdk.charsets jdk.internal.opt jdk.zipfs jdk.compiler jdk.crypto.ec jdk.crypto.cryptoki jdk.crypto.mscapi jdk.dynalink jdk.internal.ed jdk.editpad jdk.hotspot.agent jdk.httpserver jdk.internal.le jdk.internal.vm.ci jdk.internal.vm.compiler jdk.internal.vm.compiler.management jdk.jartool jdk.javadoc jdk.jcmd jdk.management jdk.management.agent jdk.jconsole jdk.jdeps jdk.jdwp.agent jdk.jdi jdk.jfr jdk.jshell jdk.jsobject jdk.jstatd jdk.localedata jdk.management.jfr jdk.naming.dns jdk.naming.rmi jdk.net jdk.nio.mapmode jdk.random jdk.sctp jdk.security.auth jdk.security.jgss jdk.unsupported jdk.unsupported.desktop jdk.xml.dom" 

Environment Variables:
PATH=C:\Program Files\Eclipse Adoptium\jdk-21.0.12.101-hotspot\bin;C:\Program Files (x86)\Common Files\Oracle\Java\java8path;C:\Program Files (x86)\Common Files\Oracle\Java\javapath;C:\Windows\system32;C:\Windows;C:\Windows\System32\Wbem;C:\Windows\System32\WindowsPowerShell\v1.0\;C:\Windows\System32\OpenSSH\;C:\Program Files\Git\cmd;C:\Program Files\nodejs\;C:\Program Files\WSL\;C:\Users\andre\AppData\Local\Microsoft\WindowsApps;C:\Users\andre\AppData\Local\Programs\Microsoft VS Code\bin;C:\Users\andre\AppData\Local\GitHubDesktop\bin;C:\Users\andre\AppData\Local\Programs\Antigravity IDE\bin;C:\Users\andre\AppData\Roaming\npm;C:\Users\andre\AppData\Local\Microsoft\WinGet\Packages\PHP.PHP.8.3_Microsoft.Winget.Source_8wekyb3d8bbwe;C:\Users\andre\AppData\Local\Programs\DockerDesktop\resources\bin;C:\Users\andre\AppData\Local\Unity\bin
USERNAME=andre
OS=Windows_NT
PROCESSOR_IDENTIFIER=Intel64 Family 6 Model 142 Stepping 10, GenuineIntel
TMP=C:\Users\andre\AppData\Local\Temp
TEMP=C:\Users\andre\AppData\Local\Temp




Periodic native trim disabled

---------------  S Y S T E M  ---------------

OS:
 Windows 10 , 64 bit Build 19041 (10.0.19041.2913)
OS uptime: 0 days 3:54 hours
Hyper-V role detected

CPU: total 8 (initial active 8) (4 cores per cpu, 2 threads per core) family 6 model 142 stepping 10 microcode 0xb4, cx8, cmov, fxsr, ht, mmx, 3dnowpref, sse, sse2, sse3, ssse3, sse4.1, sse4.2, popcnt, lzcnt, tsc, tscinvbit, avx, avx2, aes, erms, clmul, bmi1, bmi2, adx, fma, vzeroupper, clflush, clflushopt, hv, rdtscp, f16c
Processor Information for the first 8 processors :
  Max Mhz: 1800, Current Mhz: 1600, Mhz Limit: 1584

Memory: 4k page, system-wide physical 3971M (42M free)
TotalPageFile size 16259M (AvailPageFile size 0M)
current process WorkingSet (physical memory assigned to process): 196M, peak: 224M
current process commit charge ("private bytes"): 353M, peak: 362M

vm_info: OpenJDK 64-Bit Server VM (21.0.12.1+1-LTS) for windows-amd64 JRE (21.0.12.1+1-LTS), built on 2026-08-18T00:00:00Z by "admin" with MS VC++ 17.12 (VS2022)

END.
